Archive member included to satisfy reference by file (symbol)

/usr/lib/gcc/arm-none-eabi/13.2.1/thumb/v7-m/nofp/libgcc.a(_arm_mulsf3.o)
                              build/src/adcConfig/filtro_digital/biquad.o (__aeabi_fmul)
/usr/lib/gcc/arm-none-eabi/13.2.1/thumb/v7-m/nofp/libgcc.a(_arm_addsubsf3.o)
                              build/src/adcConfig/filtro_digital/biquad.o (__aeabi_fsub)
/usr/lib/gcc/arm-none-eabi/13.2.1/../../../arm-none-eabi/lib/thumb/v7-m/nofp/libg_nano.a(libc_a-init.o)
                              build/CMSIS/startup_stm32f103xb.o (__libc_init_array)
/usr/lib/gcc/arm-none-eabi/13.2.1/../../../arm-none-eabi/lib/thumb/v7-m/nofp/libg_nano.a(libc_a-memset.o)
                              build/FreeRTOS/tasks.o (memset)
/usr/lib/gcc/arm-none-eabi/13.2.1/../../../arm-none-eabi/lib/thumb/v7-m/nofp/libg_nano.a(libc_a-nano-vfprintf_float.o)
                              (_printf_float)
/usr/lib/gcc/arm-none-eabi/13.2.1/../../../arm-none-eabi/lib/thumb/v7-m/nofp/libg_nano.a(libc_a-dtoa.o)
                              /usr/lib/gcc/arm-none-eabi/13.2.1/../../../arm-none-eabi/lib/thumb/v7-m/nofp/libg_nano.a(libc_a-nano-vfprintf_float.o) (_dtoa_r)
/usr/lib/gcc/arm-none-eabi/13.2.1/../../../arm-none-eabi/lib/thumb/v7-m/nofp/libg_nano.a(libc_a-memcpy.o)
                              build/FreeRTOS/queue.o (memcpy)
/usr/lib/gcc/arm-none-eabi/13.2.1/../../../arm-none-eabi/lib/thumb/v7-m/nofp/libg_nano.a(libc_a-malloc.o)
                              /usr/lib/gcc/arm-none-eabi/13.2.1/../../../arm-none-eabi/lib/thumb/v7-m/nofp/libg_nano.a(libc_a-dtoa.o) (malloc)
/usr/lib/gcc/arm-none-eabi/13.2.1/../../../arm-none-eabi/lib/thumb/v7-m/nofp/libg_nano.a(libc_a-nano-vfprintf_i.o)
                              /usr/lib/gcc/arm-none-eabi/13.2.1/../../../arm-none-eabi/lib/thumb/v7-m/nofp/libg_nano.a(libc_a-nano-vfprintf_float.o) (_printf_common)
/usr/lib/gcc/arm-none-eabi/13.2.1/../../../arm-none-eabi/lib/thumb/v7-m/nofp/libg_nano.a(libc_a-memchr-stub.o)
                              /usr/lib/gcc/arm-none-eabi/13.2.1/../../../arm-none-eabi/lib/thumb/v7-m/nofp/libg_nano.a(libc_a-nano-vfprintf_i.o) (memchr)
/usr/lib/gcc/arm-none-eabi/13.2.1/../../../arm-none-eabi/lib/thumb/v7-m/nofp/libg_nano.a(libc_a-assert.o)
                              /usr/lib/gcc/arm-none-eabi/13.2.1/../../../arm-none-eabi/lib/thumb/v7-m/nofp/libg_nano.a(libc_a-dtoa.o) (__assert_func)
/usr/lib/gcc/arm-none-eabi/13.2.1/../../../arm-none-eabi/lib/thumb/v7-m/nofp/libg_nano.a(libc_a-mprec.o)
                              /usr/lib/gcc/arm-none-eabi/13.2.1/../../../arm-none-eabi/lib/thumb/v7-m/nofp/libg_nano.a(libc_a-dtoa.o) (_Balloc)
/usr/lib/gcc/arm-none-eabi/13.2.1/../../../arm-none-eabi/lib/thumb/v7-m/nofp/libg_nano.a(libc_a-strlen-stub.o)
                              /usr/lib/gcc/arm-none-eabi/13.2.1/../../../arm-none-eabi/lib/thumb/v7-m/nofp/libg_nano.a(libc_a-nano-vfprintf_float.o) (strlen)
/usr/lib/gcc/arm-none-eabi/13.2.1/../../../arm-none-eabi/lib/thumb/v7-m/nofp/libg_nano.a(libc_a-impure.o)
                              /usr/lib/gcc/arm-none-eabi/13.2.1/../../../arm-none-eabi/lib/thumb/v7-m/nofp/libg_nano.a(libc_a-malloc.o) (_impure_ptr)
/usr/lib/gcc/arm-none-eabi/13.2.1/../../../arm-none-eabi/lib/thumb/v7-m/nofp/libg_nano.a(libc_a-localeconv.o)
                              /usr/lib/gcc/arm-none-eabi/13.2.1/../../../arm-none-eabi/lib/thumb/v7-m/nofp/libg_nano.a(libc_a-nano-vfprintf_float.o) (_localeconv_r)
/usr/lib/gcc/arm-none-eabi/13.2.1/../../../arm-none-eabi/lib/thumb/v7-m/nofp/libg_nano.a(libc_a-abort.o)
                              /usr/lib/gcc/arm-none-eabi/13.2.1/../../../arm-none-eabi/lib/thumb/v7-m/nofp/libg_nano.a(libc_a-assert.o) (abort)
/usr/lib/gcc/arm-none-eabi/13.2.1/../../../arm-none-eabi/lib/thumb/v7-m/nofp/libg_nano.a(libc_a-callocr.o)
                              /usr/lib/gcc/arm-none-eabi/13.2.1/../../../arm-none-eabi/lib/thumb/v7-m/nofp/libg_nano.a(libc_a-mprec.o) (_calloc_r)
/usr/lib/gcc/arm-none-eabi/13.2.1/../../../arm-none-eabi/lib/thumb/v7-m/nofp/libg_nano.a(libc_a-locale.o)
                              /usr/lib/gcc/arm-none-eabi/13.2.1/../../../arm-none-eabi/lib/thumb/v7-m/nofp/libg_nano.a(libc_a-localeconv.o) (__global_locale)
/usr/lib/gcc/arm-none-eabi/13.2.1/../../../arm-none-eabi/lib/thumb/v7-m/nofp/libg_nano.a(libc_a-mallocr.o)
                              /usr/lib/gcc/arm-none-eabi/13.2.1/../../../arm-none-eabi/lib/thumb/v7-m/nofp/libg_nano.a(libc_a-malloc.o) (_malloc_r)
/usr/lib/gcc/arm-none-eabi/13.2.1/../../../arm-none-eabi/lib/thumb/v7-m/nofp/libg_nano.a(libc_a-freer.o)
                              /usr/lib/gcc/arm-none-eabi/13.2.1/../../../arm-none-eabi/lib/thumb/v7-m/nofp/libg_nano.a(libc_a-malloc.o) (_free_r)
/usr/lib/gcc/arm-none-eabi/13.2.1/../../../arm-none-eabi/lib/thumb/v7-m/nofp/libg_nano.a(libc_a-wctomb_r.o)
                              /usr/lib/gcc/arm-none-eabi/13.2.1/../../../arm-none-eabi/lib/thumb/v7-m/nofp/libg_nano.a(libc_a-locale.o) (__ascii_wctomb)
[...]
Memory Configuration

Name             Origin             Length             Attributes
FLASH            0x08000000         0x00020000         xr
RAM              0x20000000         0x00005000         xrw
*default*        0x00000000         0xffffffff

Linker script and memory map

LOAD build/CMSIS/startup_stm32f103xb.o
LOAD build/CMSIS/system_stm32f1xx.o
LOAD build/CMSIS/syscalls.o
LOAD build/src/main.o
LOAD build/src/adcConfig/init_adc.o
LOAD build/src/adcConfig/filtro_digital/biquad.o
LOAD build/src/salidasSemaforo/pines_init.o
LOAD build/src/uartConfigSemaforo/uart_init.o
LOAD build/FreeRTOS/list.o
LOAD build/FreeRTOS/queue.o
LOAD build/FreeRTOS/tasks.o
LOAD build/FreeRTOS/timers.o
LOAD build/FreeRTOS/portable/MemMang/heap_4.o
LOAD build/FreeRTOS/portable/GCC/ARM_CM3/port.o
LOAD /usr/lib/gcc/arm-none-eabi/13.2.1/../../../arm-none-eabi/lib/thumb/v7-m/nofp/libm.a
START GROUP
LOAD /usr/lib/gcc/arm-none-eabi/13.2.1/thumb/v7-m/nofp/libgcc.a
LOAD /usr/lib/gcc/arm-none-eabi/13.2.1/../../../arm-none-eabi/lib/thumb/v7-m/nofp/libg_nano.a
LOAD /usr/lib/gcc/arm-none-eabi/13.2.1/../../../arm-none-eabi/lib/thumb/v7-m/nofp/libc_nano.a
END GROUP
START GROUP
LOAD /usr/lib/gcc/arm-none-eabi/13.2.1/thumb/v7-m/nofp/libgcc.a
LOAD /usr/lib/gcc/arm-none-eabi/13.2.1/../../../arm-none-eabi/lib/thumb/v7-m/nofp/libc_nano.a
LOAD /usr/lib/gcc/arm-none-eabi/13.2.1/../../../arm-none-eabi/lib/thumb/v7-m/nofp/libnosys.a
END GROUP
START GROUP
LOAD /usr/lib/gcc/arm-none-eabi/13.2.1/thumb/v7-m/nofp/libgcc.a
LOAD /usr/lib/gcc/arm-none-eabi/13.2.1/../../../arm-none-eabi/lib/thumb/v7-m/nofp/libc_nano.a
LOAD /usr/lib/gcc/arm-none-eabi/13.2.1/../../../arm-none-eabi/lib/thumb/v7-m/nofp/libnosys.a
END GROUP
                0x20004fff                        _estack = 0x20004fff
                0x00000200                        _Min_Heap_Size = 0x200
                0x00000400                        _Min_Stack_Size = 0x400

.isr_vector     0x08000000      0x10c
                0x08000000                        . = ALIGN (0x4)
 *(.isr_vector)
 .isr_vector    0x08000000      0x10c build/CMSIS/startup_stm32f103xb.o
                0x08000000                g_pfnVectors
                0x0800010c                        . = ALIGN (0x4)

.text           0x08000110     0x7670
                0x08000110                        . = ALIGN (0x4)
 *(.text)
 .text          0x08000110      0x168 /usr/lib/gcc/arm-none-eabi/13.2.1/thumb/v7-m/nofp/libgcc.a(_arm_mulsf3.o)
                0x08000110                __mulsf3
                0x08000110                __aeabi_fmul
 .text          0x08000278      0x21c /usr/lib/gcc/arm-none-eabi/13.2.1/thumb/v7-m/nofp/libgcc.a(_arm_addsubsf3.o)
                0x08000278                __aeabi_frsub
                0x08000280                __subsf3
                0x08000280                __aeabi_fsub
                0x08000284                __aeabi_fadd
                0x08000284                __addsf3
                0x080003e4                __aeabi_ui2f
                0x080003e4                __floatunsisf
                0x080003ec                __aeabi_i2f
                0x080003ec                __floatsisf
                0x08000408                __floatundisf
                0x08000408                __aeabi_ul2f
                0x08000418                __floatdisf
                0x08000418                __aeabi_l2f
 .text          0x08000494       0x50 /usr/lib/gcc/arm-none-eabi/13.2.1/../../../arm-none-eabi/lib/thumb/v7-m/nofp/libg_nano.a(libc_a-init.o)
                0x08000494                __libc_init_array
 .text          0x080004e4       0xa0 /usr/lib/gcc/arm-none-eabi/13.2.1/../../../arm-none-eabi/lib/thumb/v7-m/nofp/libg_nano.a(libc_a-memset.o)
                0x080004e4                memset
 .text          0x08000584      0x6f4 /usr/lib/gcc/arm-none-eabi/13.2.1/../../../arm-none-eabi/lib/thumb/v7-m/nofp/libg_nano.a(libc_a-nano-vfprintf_float.o)
                0x08000584                __cvt
                0x080006ac                __exponent
                0x08000734                _printf_float
 .text          0x08000c78      0xff0 /usr/lib/gcc/arm-none-eabi/13.2.1/../../../arm-none-eabi/lib/thumb/v7-m/nofp/libg_nano.a(libc_a-dtoa.o)
                0x08000db4                _dtoa_r
 .text          0x08001c68       0xec /usr/lib/gcc/arm-none-eabi/13.2.1/../../../arm-none-eabi/lib/thumb/v7-m/nofp/libg_nano.a(libc_a-memcpy.o)
                0x08001c68                memcpy
 .text          0x08001d54       0x20 /usr/lib/gcc/arm-none-eabi/13.2.1/../../../arm-none-eabi/lib/thumb/v7-m/nofp/libg_nano.a(libc_a-malloc.o)
                0x08001d54                malloc
                0x08001d64                free
 .text          0x08001d74      0x3a8 /usr/lib/gcc/arm-none-eabi/13.2.1/../../../arm-none-eabi/lib/thumb/v7-m/nofp/libg_nano.a(libc_a-nano-vfprintf_i.o)
                0x08001d74                _printf_common
                0x08001e98                _printf_i
 .text          0x0800211c       0x98 /usr/lib/gcc/arm-none-eabi/13.2.1/../../../arm-none-eabi/lib/thumb/v7-m/nofp/libg_nano.a(libc_a-memchr-stub.o)
                0x0800211c                memchr
 .text          0x080021b4       0x4c /usr/lib/gcc/arm-none-eabi/13.2.1/../../../arm-none-eabi/lib/thumb/v7-m/nofp/libg_nano.a(libc_a-assert.o)
                0x080021b4                __assert_func
                0x080021f4                __assert
 .text          0x08002200      0xad0 /usr/lib/gcc/arm-none-eabi/13.2.1/../../../arm-none-eabi/lib/thumb/v7-m/nofp/libg_nano.a(libc_a-mprec.o)
                0x08002200                _Balloc
                0x08002280                _Bfree
                0x080022c8                __multadd
                0x08002364                __s2b
                0x08002414                __hi0bits
                0x08002458                __lo0bits
                0x080024b4                __i2b
                0x080024e0                __multiply
                0x08002644                __pow5mult
                0x08002724                __lshift
                0x0800280c                __mcmp
                0x0800284c                __mdiff
                0x080029c4                __ulp
                0x08002a14                __b2d
                0x08002ac8                __d2b
                0x08002b84                __ratio
                0x08002be0                _mprec_log10
                0x08002c18                __copybits
                0x08002c78                __any_on
 .text          0x08002cd0       0x5c /usr/lib/gcc/arm-none-eabi/13.2.1/../../../arm-none-eabi/lib/thumb/v7-m/nofp/libg_nano.a(libc_a-strlen-stub.o)
                0x08002cd0                strlen
 .text          0x08002d2c       0x14 /usr/lib/gcc/arm-none-eabi/13.2.1/../../../arm-none-eabi/lib/thumb/v7-m/nofp/libg_nano.a(libc_a-localeconv.o)
                0x08002d2c                __localeconv_l
                0x08002d30                _localeconv_r
                0x08002d38                localeconv
 .text          0x08002d40       0x10 /usr/lib/gcc/arm-none-eabi/13.2.1/../../../arm-none-eabi/lib/thumb/v7-m/nofp/libg_nano.a(libc_a-abort.o)
                0x08002d40                abort
 .text          0x08002d50       0x28 /usr/lib/gcc/arm-none-eabi/13.2.1/../../../arm-none-eabi/lib/thumb/v7-m/nofp/libg_nano.a(libc_a-callocr.o)
                0x08002d50                _calloc_r
 .text          0x08002d78      0x14c /usr/lib/gcc/arm-none-eabi/13.2.1/../../../arm-none-eabi/lib/thumb/v7-m/nofp/libg_nano.a(libc_a-mallocr.o)
                0x08002dc4                _malloc_r
 .text          0x08002ec4       0xbc /usr/lib/gcc/arm-none-eabi/13.2.1/../../../arm-none-eabi/lib/thumb/v7-m/nofp/libg_nano.a(libc_a-freer.o)
                0x08002ec4                _free_r
 .text          0x08002f80       0x30 /usr/lib/gcc/arm-none-eabi/13.2.1/../../../arm-none-eabi/lib/thumb/v7-m/nofp/libg_nano.a(libc_a-wctomb_r.o)
                0x08002f80                _wctomb_r
                0x08002f94                __ascii_wctomb
 .text          0x08002fb0       0x44 /usr/lib/gcc/arm-none-eabi/13.2.1/../../../arm-none-eabi/lib/thumb/v7-m/nofp/libg_nano.a(libc_a-fprintf.o)
                0x08002fb0                _fprintf_r
                0x08002fb0                _fiprintf_r
                0x08002fcc                fprintf
                0x08002fcc                fiprintf
 .text          0x08002ff4        0x8 /usr/lib/gcc/arm-none-eabi/13.2.1/../../../arm-none-eabi/lib/thumb/v7-m/nofp/libg_nano.a(libc_a-mlock.o)
                0x08002ff4                __malloc_lock
                0x08002ff8                __malloc_unlock
 .text          0x08002ffc      0x2ec /usr/lib/gcc/arm-none-eabi/13.2.1/../../../arm-none-eabi/lib/thumb/v7-m/nofp/libg_nano.a(libc_a-nano-vfprintf.o)
                0x08003024                __sfputs_r
                0x08003054                __sprint_r
                0x08003074                _vfiprintf_r
                0x08003074                _vfprintf_r
                0x080032cc                vfiprintf
                0x080032cc                vfprintf
 .text          0x080032e8       0x9c /usr/lib/gcc/arm-none-eabi/13.2.1/../../../arm-none-eabi/lib/thumb/v7-m/nofp/libg_nano.a(libc_a-wbuf.o)
                0x080032e8                __swbuf_r
                0x08003370                __swbuf
 .text          0x08003384       0x24 /usr/lib/gcc/arm-none-eabi/13.2.1/../../../arm-none-eabi/lib/thumb/v7-m/nofp/libg_nano.a(libc_a-sbrkr.o)
                0x08003384                _sbrk_r
 .text          0x080033a8      0x2ec /usr/lib/gcc/arm-none-eabi/13.2.1/../../../arm-none-eabi/lib/thumb/v7-m/nofp/libg_nano.a(libc_a-fvwrite.o)
                0x080033a8                __sfvwrite_r
 .text          0x08003694       0x40 /usr/lib/gcc/arm-none-eabi/13.2.1/../../../arm-none-eabi/lib/thumb/v7-m/nofp/libg_nano.a(libc_a-mbtowc_r.o)
                0x08003694                _mbtowc_r
                0x080036a8                __ascii_mbtowc
 .text          0x080036d4      0x264 /usr/lib/gcc/arm-none-eabi/13.2.1/../../../arm-none-eabi/lib/thumb/v7-m/nofp/libg_nano.a(libc_a-signal.o)
                0x080036d4                _init_signal_r
                0x08003700                _signal_r
                0x0800374c                _raise_r
                0x0800379c                __sigtramp_r
                0x08003800                raise
                0x08003854                signal
                0x080038a0                _init_signal
                0x080038d4                __sigtramp
 .text          0x08003938      0x224 /usr/lib/gcc/arm-none-eabi/13.2.1/../../../arm-none-eabi/lib/thumb/v7-m/nofp/libg_nano.a(libc_a-findfp.o)
                0x08003a68                __sfp
                0x08003b0c                __sinit
                0x08003b2c                __sfp_lock_acquire
                0x08003b30                __sfp_lock_release
                0x08003b34                __fp_lock_all
                0x08003b48                __fp_unlock_all
 .text          0x08003b5c      0x198 /usr/lib/gcc/arm-none-eabi/13.2.1/../../../arm-none-eabi/lib/thumb/v7-m/nofp/libg_nano.a(libc_a-fflush.o)
                0x08003b5c                __sflush_r
                0x08003c70                _fflush_r
                0x08003ca8                fflush
 .text          0x08003cf4       0xfc /usr/lib/gcc/arm-none-eabi/13.2.1/../../../arm-none-eabi/lib/thumb/v7-m/nofp/libg_nano.a(libc_a-memmove.o)
                0x08003cf4                memmove
 .text          0x08003df0       0x44 /usr/lib/gcc/arm-none-eabi/13.2.1/../../../arm-none-eabi/lib/thumb/v7-m/nofp/libg_nano.a(libc_a-fwalk.o)
                0x08003df0                _fwalk_sglue
 .text          0x08003e34       0xc4 /usr/lib/gcc/arm-none-eabi/13.2.1/../../../arm-none-eabi/lib/thumb/v7-m/nofp/libg_nano.a(libc_a-wsetup.o)
                0x08003e34                __swsetup_r
 .text          0x08003ef8       0x64 /usr/lib/gcc/arm-none-eabi/13.2.1/../../../arm-none-eabi/lib/thumb/v7-m/nofp/libg_nano.a(libc_a-reallocr.o)
                0x08003ef8                _realloc_r
 .text          0x08003f5c      0x110 /usr/lib/gcc/arm-none-eabi/13.2.1/../../../arm-none-eabi/lib/thumb/v7-m/nofp/libg_nano.a(libc_a-makebuf.o)
                0x08003f5c                __smakebuf_r
                0x08004020                __swhatbuf_r
 .text          0x0800406c       0x24 /usr/lib/gcc/arm-none-eabi/13.2.1/../../../arm-none-eabi/lib/thumb/v7-m/nofp/libg_nano.a(libc_a-isattyr.o)
                0x0800406c                _isatty_r
 .text          0x08004090       0x94 /usr/lib/gcc/arm-none-eabi/13.2.1/../../../arm-none-eabi/lib/thumb/v7-m/nofp/libg_nano.a(libc_a-stdio.o)
                0x08004090                __sread
                0x080040b4                __seofread
                0x080040b8                __swrite
                0x080040f8                __sseek
                0x0800411c                __sclose
 .text          0x08004124       0x10 /usr/lib/gcc/arm-none-eabi/13.2.1/../../../arm-none-eabi/lib/thumb/v7-m/nofp/libg_nano.a(libc_a-msizer.o)
                0x08004124                _malloc_usable_size_r
 .text          0x08004134       0x2c /usr/lib/gcc/arm-none-eabi/13.2.1/../../../arm-none-eabi/lib/thumb/v7-m/nofp/libg_nano.a(libc_a-signalr.o)
                0x08004134                _kill_r
                0x0800415c                _getpid_r
 .text          0x08004160       0x24 /usr/lib/gcc/arm-none-eabi/13.2.1/../../../arm-none-eabi/lib/thumb/v7-m/nofp/libg_nano.a(libc_a-closer.o)
                0x08004160                _close_r
 .text          0x08004184       0x2c /usr/lib/gcc/arm-none-eabi/13.2.1/../../../arm-none-eabi/lib/thumb/v7-m/nofp/libg_nano.a(libc_a-readr.o)
                0x08004184                _read_r
 .text          0x080041b0       0x28 /usr/lib/gcc/arm-none-eabi/13.2.1/../../../arm-none-eabi/lib/thumb/v7-m/nofp/libg_nano.a(libc_a-fstatr.o)
                0x080041b0                _fstat_r
 .text          0x080041d8       0x2c /usr/lib/gcc/arm-none-eabi/13.2.1/../../../arm-none-eabi/lib/thumb/v7-m/nofp/libg_nano.a(libc_a-lseekr.o)
                0x080041d8                _lseek_r
 .text          0x08004204       0x2c /usr/lib/gcc/arm-none-eabi/13.2.1/../../../arm-none-eabi/lib/thumb/v7-m/nofp/libg_nano.a(libc_a-writer.o)
                0x08004204                _write_r
 .text          0x08004230      0x378 /usr/lib/gcc/arm-none-eabi/13.2.1/thumb/v7-m/nofp/libgcc.a(_arm_addsubdf3.o)
                0x08004230                __aeabi_drsub
                0x08004238                __aeabi_dsub
                0x08004238                __subdf3
                0x0800423c                __adddf3
                0x0800423c                __aeabi_dadd
                0x080044b4                __aeabi_ui2d
                0x080044b4                __floatunsidf
                0x080044d4                __floatsidf
                0x080044d4                __aeabi_i2d
                0x080044f8                __extendsfdf2
                0x080044f8                __aeabi_f2d
                0x0800453c                __aeabi_ul2d
                0x0800453c                __floatundidf
                0x0800454c                __floatdidf
                0x0800454c                __aeabi_l2d
 .text          0x080045a8      0x424 /usr/lib/gcc/arm-none-eabi/13.2.1/thumb/v7-m/nofp/libgcc.a(_arm_muldivdf3.o)
                0x080045a8                __aeabi_dmul
                0x080045a8                __muldf3
                0x080047fc                __aeabi_ddiv
                0x080047fc                __divdf3
 .text          0x080049cc      0x110 /usr/lib/gcc/arm-none-eabi/13.2.1/thumb/v7-m/nofp/libgcc.a(_arm_cmpdf2.o)
                0x080049cc                __gtdf2
                0x080049cc                __gedf2
                0x080049d4                __ltdf2
                0x080049d4                __ledf2
                0x080049dc                __cmpdf2
                0x080049dc                __eqdf2
                0x080049dc                __nedf2
                0x08004a58                __aeabi_cdrcmple
                0x08004a68                __aeabi_cdcmple
                0x08004a68                __aeabi_cdcmpeq
                0x08004a78                __aeabi_dcmpeq
                0x08004a8c                __aeabi_dcmplt
                0x08004aa0                __aeabi_dcmple
                0x08004ab4                __aeabi_dcmpge
                0x08004ac8                __aeabi_dcmpgt
 .text          0x08004adc       0x2c /usr/lib/gcc/arm-none-eabi/13.2.1/thumb/v7-m/nofp/libgcc.a(_arm_unorddf2.o)
                0x08004adc                __aeabi_dcmpun
                0x08004adc                __unorddf2
 .text          0x08004b08       0x50 /usr/lib/gcc/arm-none-eabi/13.2.1/thumb/v7-m/nofp/libgcc.a(_arm_fixdfsi.o)
                0x08004b08                __fixdfsi
                0x08004b08                __aeabi_d2iz
 .text          0x08004b58       0x10 /usr/lib/gcc/arm-none-eabi/13.2.1/../../../arm-none-eabi/lib/thumb/v7-m/nofp/libnosys.a(getpid.o)
                0x08004b58                _getpid
 .text          0x08004b68       0x10 /usr/lib/gcc/arm-none-eabi/13.2.1/../../../arm-none-eabi/lib/thumb/v7-m/nofp/libnosys.a(kill.o)
                0x08004b68                _kill
 .text          0x08004b78       0x1c /usr/lib/gcc/arm-none-eabi/13.2.1/../../../arm-none-eabi/lib/thumb/v7-m/nofp/libnosys.a(sbrk.o)
                0x08004b78                _sbrk
 *(.text*)
 .text.Reset_Handler
                0x08004b94       0x48 build/CMSIS/startup_stm32f103xb.o
                0x08004b94                Reset_Handler
 .text.Default_Handler
                0x08004bdc        0x2 build/CMSIS/startup_stm32f103xb.o
                0x08004bdc                RTC_Alarm_IRQHandler
                0x08004bdc                EXTI2_IRQHandler
                0x08004bdc                DebugMon_Handler
                0x08004bdc                TIM1_CC_IRQHandler
                0x08004bdc                HardFault_Handler
                0x08004bdc                PVD_IRQHandler
                0x08004bdc                NMI_Handler
                0x08004bdc                EXTI3_IRQHandler
                0x08004bdc                EXTI0_IRQHandler
                0x08004bdc                I2C2_EV_IRQHandler
                0x08004bdc                UsageFault_Handler
                0x08004bdc                ADC1_2_IRQHandler
                0x08004bdc                SPI1_IRQHandler
                0x08004bdc                TAMPER_IRQHandler
                0x08004bdc                DMA1_Channel4_IRQHandler
                0x08004bdc                USART3_IRQHandler
                0x08004bdc                RTC_IRQHandler
                0x08004bdc                DMA1_Channel7_IRQHandler
                0x08004bdc                CAN1_RX1_IRQHandler
                0x08004bdc                TIM4_IRQHandler
                0x08004bdc                I2C1_EV_IRQHandler
                0x08004bdc                DMA1_Channel6_IRQHandler
                0x08004bdc                TIM3_IRQHandler
                0x08004bdc                RCC_IRQHandler
                0x08004bdc                TIM1_TRG_COM_IRQHandler
                0x08004bdc                DMA1_Channel1_IRQHandler
                0x08004bdc                Default_Handler
                0x08004bdc                EXTI15_10_IRQHandler
                0x08004bdc                EXTI9_5_IRQHandler
                0x08004bdc                SPI2_IRQHandler
                0x08004bdc                MemManage_Handler
                0x08004bdc                DMA1_Channel5_IRQHandler
                0x08004bdc                EXTI4_IRQHandler
                0x08004bdc                USB_LP_CAN1_RX0_IRQHandler
                0x08004bdc                USB_HP_CAN1_TX_IRQHandler
                0x08004bdc                DMA1_Channel3_IRQHandler
                0x08004bdc                TIM1_UP_IRQHandler
                0x08004bdc                WWDG_IRQHandler
                0x08004bdc                TIM2_IRQHandler
                0x08004bdc                TIM1_BRK_IRQHandler
                0x08004bdc                EXTI1_IRQHandler
                0x08004bdc                USART2_IRQHandler
                0x08004bdc                I2C2_ER_IRQHandler
                0x08004bdc                DMA1_Channel2_IRQHandler
                0x08004bdc                CAN1_SCE_IRQHandler
                0x08004bdc                FLASH_IRQHandler
                0x08004bdc                BusFault_Handler
                0x08004bdc                I2C1_ER_IRQHandler
                0x08004bdc                USBWakeUp_IRQHandler
 *fill*         0x08004bde        0x2 
 .text.SystemInit
                0x08004be0       0xd4 build/CMSIS/system_stm32f1xx.o
                0x08004be0                SystemInit
 .text.SystemCoreClockUpdate
                0x08004cb4       0xe4 build/CMSIS/system_stm32f1xx.o
                0x08004cb4                SystemCoreClockUpdate
 .text._exit    0x08004d98        0xc build/CMSIS/syscalls.o
                0x08004d98                _exit
 .text._close   0x08004da4       0x16 build/CMSIS/syscalls.o
                0x08004da4                _close
 .text._fstat   0x08004dba       0x1e build/CMSIS/syscalls.o
                0x08004dba                _fstat
 .text._isatty  0x08004dd8       0x14 build/CMSIS/syscalls.o
                0x08004dd8                _isatty
 .text._lseek   0x08004dec       0x18 build/CMSIS/syscalls.o
                0x08004dec                _lseek
 .text._read    0x08004e04       0x18 build/CMSIS/syscalls.o
                0x08004e04                _read
 .text._write   0x08004e1c       0x18 build/CMSIS/syscalls.o
                0x08004e1c                _write
 .text._init    0x08004e34        0xc build/CMSIS/syscalls.o
                0x08004e34                _init
 .text.main     0x08004e40       0x24 build/src/main.o
                0x08004e40                main
 .text.adc_init
                0x08004e64       0xac build/src/adcConfig/init_adc.o
                0x08004e64                adc_init
 .text.adc_read_chanel
                0x08004f10       0x44 build/src/adcConfig/init_adc.o
 .text.adc_task_init
                0x08004f54       0x80 build/src/adcConfig/init_adc.o
                0x08004f54                adc_task_init
 .text.vSensorShuntTask
                0x08004fd4       0x44 build/src/adcConfig/init_adc.o
 .text.vFiltroTask
                0x08005018       0x68 build/src/adcConfig/init_adc.o
 .text.biquad_reset
                0x08005080       0x40 build/src/adcConfig/filtro_digital/biquad.o
                0x08005080                biquad_reset
 .text.biquad_run
                0x080050c0      0x11c build/src/adcConfig/filtro_digital/biquad.o
                0x080050c0                biquad_run
 .text.led_on   0x080051dc       0x24 build/src/salidasSemaforo/pines_init.o
 .text.led_off  0x08005200       0x24 build/src/salidasSemaforo/pines_init.o
 .text.pines_init
                0x08005224       0x60 build/src/salidasSemaforo/pines_init.o
                0x08005224                pines_init
 .text.secuencia_task_init
                0x08005284       0x48 build/src/salidasSemaforo/pines_init.o
                0x08005284                secuencia_task_init
 .text.vSecuenciaTask
                0x080052cc       0x7c build/src/salidasSemaforo/pines_init.o
 .text.vSecuenciaTask2
                0x08005348       0x62 build/src/salidasSemaforo/pines_init.o
 *fill*         0x080053aa        0x2 
 .text.__NVIC_EnableIRQ
                0x080053ac       0x38 build/src/uartConfigSemaforo/uart_init.o
 .text.__NVIC_SetPriority
                0x080053e4       0x54 build/src/uartConfigSemaforo/uart_init.o
 .text.UART_TxInit
                0x08005438       0x24 build/src/uartConfigSemaforo/uart_init.o
                0x08005438                UART_TxInit
 .text.usart1_init
                0x0800545c       0x9c build/src/uartConfigSemaforo/uart_init.o
                0x0800545c                usart1_init
 .text.USART1_IRQHandler
                0x080054f8       0xac build/src/uartConfigSemaforo/uart_init.o
                0x080054f8                USART1_IRQHandler
 .text.vListInitialise
                0x080055a4       0x3e build/FreeRTOS/list.o
                0x080055a4                vListInitialise
 .text.vListInitialiseItem
                0x080055e2       0x18 build/FreeRTOS/list.o
                0x080055e2                vListInitialiseItem
 .text.vListInsert
                0x080055fa       0x70 build/FreeRTOS/list.o
                0x080055fa                vListInsert
 .text.uxListRemove
                0x0800566a       0x52 build/FreeRTOS/list.o
                0x0800566a                uxListRemove
 .text.xQueueGenericReset
                0x080056bc       0xe8 build/FreeRTOS/queue.o
                0x080056bc                xQueueGenericReset
 .text.xQueueGenericCreate
                0x080057a4       0x7e build/FreeRTOS/queue.o
                0x080057a4                xQueueGenericCreate
 .text.prvInitialiseNewQueue
                0x08005822       0x3e build/FreeRTOS/queue.o
 .text.xQueueGenericSend
                0x08005860      0x154 build/FreeRTOS/queue.o
                0x08005860                xQueueGenericSend
 .text.xQueueGenericSendFromISR
                0x080059b4       0xca build/FreeRTOS/queue.o
                0x080059b4                xQueueGenericSendFromISR
 *fill*         0x08005a7e        0x2 
 .text.xQueueReceive
                0x08005a80      0x144 build/FreeRTOS/queue.o
                0x08005a80                xQueueReceive
 .text.xQueueReceiveFromISR
                0x08005bc4       0xc2 build/FreeRTOS/queue.o
                0x08005bc4                xQueueReceiveFromISR
 .text.prvCopyDataToQueue
                0x08005c86       0xb8 build/FreeRTOS/queue.o
 .text.prvCopyDataFromQueue
                0x08005d3e       0x4c build/FreeRTOS/queue.o
 .text.prvUnlockQueue
                0x08005d8a       0xa4 build/FreeRTOS/queue.o
 .text.prvIsQueueEmpty
                0x08005e2e       0x2c build/FreeRTOS/queue.o
 .text.prvIsQueueFull
                0x08005e5a       0x30 build/FreeRTOS/queue.o
 .text.vQueueWaitForMessageRestricted
                0x08005e8a       0x68 build/FreeRTOS/queue.o
                0x08005e8a                vQueueWaitForMessageRestricted
 .text.prvCreateTask
                0x08005ef2       0x78 build/FreeRTOS/tasks.o
 .text.xTaskCreate
                0x08005f6a       0x46 build/FreeRTOS/tasks.o
                0x08005f6a                xTaskCreate
 .text.prvInitialiseNewTask
                0x08005fb0       0xca build/FreeRTOS/tasks.o
 *fill*         0x0800607a        0x2 
 .text.prvAddNewTaskToReadyList
                0x0800607c      0x128 build/FreeRTOS/tasks.o
 .text.xTaskDelayUntil
                0x080061a4       0xa4 build/FreeRTOS/tasks.o
                0x080061a4                xTaskDelayUntil
 .text.prvCreateIdleTasks
                0x08006248       0x94 build/FreeRTOS/tasks.o
 .text.vTaskStartScheduler
                0x080062dc       0x68 build/FreeRTOS/tasks.o
                0x080062dc                vTaskStartScheduler
 .text.vTaskSuspendAll
                0x08006344       0x1c build/FreeRTOS/tasks.o
                0x08006344                vTaskSuspendAll
 .text.xTaskResumeAll
                0x08006360      0x1f0 build/FreeRTOS/tasks.o
                0x08006360                xTaskResumeAll
 .text.xTaskGetTickCount
                0x08006550       0x1c build/FreeRTOS/tasks.o
                0x08006550                xTaskGetTickCount
 .text.uxTaskGetNumberOfTasks
                0x0800656c       0x14 build/FreeRTOS/tasks.o
                0x0800656c                uxTaskGetNumberOfTasks
 .text.xTaskIncrementTick
                0x08006580      0x210 build/FreeRTOS/tasks.o
                0x08006580                xTaskIncrementTick
 .text.vTaskSwitchContext
                0x08006790       0x8c build/FreeRTOS/tasks.o
                0x08006790                vTaskSwitchContext
 .text.vTaskPlaceOnEventList
                0x0800681c       0x2c build/FreeRTOS/tasks.o
                0x0800681c                vTaskPlaceOnEventList
 .text.vTaskPlaceOnEventListRestricted
                0x08006848       0x70 build/FreeRTOS/tasks.o
                0x08006848                vTaskPlaceOnEventListRestricted
 .text.xTaskRemoveFromEventList
                0x080068b8      0x194 build/FreeRTOS/tasks.o
                0x080068b8                xTaskRemoveFromEventList
 .text.vTaskInternalSetTimeOutState
                0x08006a4c       0x2c build/FreeRTOS/tasks.o
                0x08006a4c                vTaskInternalSetTimeOutState
 .text.xTaskCheckForTimeOut
                0x08006a78       0x84 build/FreeRTOS/tasks.o
                0x08006a78                xTaskCheckForTimeOut
 .text.vTaskMissedYield
                0x08006afc       0x18 build/FreeRTOS/tasks.o
                0x08006afc                vTaskMissedYield
 .text.prvIdleTask
                0x08006b14       0x30 build/FreeRTOS/tasks.o
 .text.prvInitialiseTaskLists
                0x08006b44       0x74 build/FreeRTOS/tasks.o
 .text.prvCheckTasksWaitingTermination
                0x08006bb8       0x5c build/FreeRTOS/tasks.o
 .text.prvDeleteTCB
                0x08006c14       0x20 build/FreeRTOS/tasks.o
 .text.prvResetNextTaskUnblockTime
                0x08006c34       0x34 build/FreeRTOS/tasks.o
 .text.prvAddCurrentTaskToDelayedList
                0x08006c68       0xac build/FreeRTOS/tasks.o
 .text.xTimerCreateTimerTask
                0x08006d14       0x48 build/FreeRTOS/timers.o
                0x08006d14                xTimerCreateTimerTask
 .text.prvReloadTimer
                0x08006d5c       0x42 build/FreeRTOS/timers.o
 *fill*         0x08006d9e        0x2 
 .text.prvProcessExpiredTimer
                0x08006da0       0x60 build/FreeRTOS/timers.o
 .text.prvTimerTask
                0x08006e00       0x26 build/FreeRTOS/timers.o
 *fill*         0x08006e26        0x2 
 .text.prvProcessTimerOrBlockTask
                0x08006e28       0x9c build/FreeRTOS/timers.o
 .text.prvGetNextExpireTime
                0x08006ec4       0x44 build/FreeRTOS/timers.o
 .text.prvSampleTimeNow
                0x08006f08       0x40 build/FreeRTOS/timers.o
 .text.prvInsertTimerInActiveList
                0x08006f48       0x84 build/FreeRTOS/timers.o
 .text.prvProcessReceivedCommands
                0x08006fcc      0x168 build/FreeRTOS/timers.o
 .text.prvSwitchTimerLists
                0x08007134       0x4c build/FreeRTOS/timers.o
 .text.prvCheckForValidListAndQueue
                0x08007180       0x54 build/FreeRTOS/timers.o
 .text.pvPortMalloc
                0x080071d4      0x15c build/FreeRTOS/portable/MemMang/heap_4.o
                0x080071d4                pvPortMalloc
 .text.vPortFree
                0x08007330       0x74 build/FreeRTOS/portable/MemMang/heap_4.o
                0x08007330                vPortFree
 .text.prvHeapInit
                0x080073a4       0xb4 build/FreeRTOS/portable/MemMang/heap_4.o
 .text.prvInsertBlockIntoFreeList
                0x08007458       0xb0 build/FreeRTOS/portable/MemMang/heap_4.o
 .text.pxPortInitialiseStack
                0x08007508       0x58 build/FreeRTOS/portable/GCC/ARM_CM3/port.o
                0x08007508                pxPortInitialiseStack
 .text.prvTaskExitError
                0x08007560       0x32 build/FreeRTOS/portable/GCC/ARM_CM3/port.o
 *fill*         0x08007592        0xe 
 .text.vPortSVCHandler
                0x080075a0       0x28 build/FreeRTOS/portable/GCC/ARM_CM3/port.o
                0x080075a0                SVC_Handler
                0x080075a0                vPortSVCHandler
 .text.prvPortStartFirstTask
                0x080075c8       0x24 build/FreeRTOS/portable/GCC/ARM_CM3/port.o
 .text.xPortStartScheduler
                0x080075ec       0x5c build/FreeRTOS/portable/GCC/ARM_CM3/port.o
                0x080075ec                xPortStartScheduler
 .text.vPortEnterCritical
                0x08007648       0x34 build/FreeRTOS/portable/GCC/ARM_CM3/port.o
                0x08007648                vPortEnterCritical
 .text.vPortExitCritical
                0x0800767c       0x34 build/FreeRTOS/portable/GCC/ARM_CM3/port.o
                0x0800767c                vPortExitCritical
 .text.xPortPendSVHandler
                0x080076b0       0x48 build/FreeRTOS/portable/GCC/ARM_CM3/port.o
                0x080076b0                PendSV_Handler
                0x080076b0                xPortPendSVHandler
 .text.xPortSysTickHandler
                0x080076f8       0x44 build/FreeRTOS/portable/GCC/ARM_CM3/port.o
                0x080076f8                SysTick_Handler
                0x080076f8                xPortSysTickHandler
 .text.vPortSetupTimerInterrupt
                0x0800773c       0x44 build/FreeRTOS/portable/GCC/ARM_CM3/port.o
                0x0800773c                vPortSetupTimerInterrupt
 *(.glue_7)
 .glue_7        0x08007780        0x0 linker stubs
 *(.glue_7t)
 .glue_7t       0x08007780        0x0 linker stubs
 *(.eh_frame)
 *(.init)
 *(.fini)
                0x08007780                        . = ALIGN (0x4)
                0x08007780                        _etext = .

.vfp11_veneer   0x08007780        0x0
 .vfp11_veneer  0x08007780        0x0 linker stubs

.v4_bx          0x08007780        0x0
 .v4_bx         0x08007780        0x0 linker stubs

.iplt           0x08007780        0x0
 .iplt          0x08007780        0x0 build/CMSIS/startup_stm32f103xb.o

.rodata         0x08007780      0x428
                0x08007780                        . = ALIGN (0x4)
 *(.rodata)
 .rodata        0x08007780       0x19 build/src/adcConfig/init_adc.o
 *fill*         0x08007799        0x3 
 .rodata        0x0800779c       0x2d build/src/salidasSemaforo/pines_init.o
 *fill*         0x080077c9        0x3 
 .rodata        0x080077cc        0x5 build/FreeRTOS/tasks.o
 *fill*         0x080077d1        0x3 
 .rodata        0x080077d4        0x8 build/FreeRTOS/timers.o
 *fill*         0x080077dc        0x4 
 .rodata        0x080077e0      0x128 /usr/lib/gcc/arm-none-eabi/13.2.1/../../../arm-none-eabi/lib/thumb/v7-m/nofp/libg_nano.a(libc_a-mprec.o)
                0x080077f0                __mprec_tens
                0x080078b8                __mprec_tinytens
                0x080078e0                __mprec_bigtens
 .rodata        0x08007908      0x101 /usr/lib/gcc/arm-none-eabi/13.2.1/../../../arm-none-eabi/lib/thumb/v7-m/nofp/libg_nano.a(libc_a-ctype_.o)
                0x08007908                _ctype_
 *(.rodata*)
 *fill*         0x08007a09        0x3 
 .rodata.AHBPrescTable
                0x08007a0c       0x10 build/CMSIS/system_stm32f1xx.o
                0x08007a0c                AHBPrescTable
 .rodata.sos    0x08007a1c       0x50 build/src/adcConfig/filtro_digital/biquad.o
 .rodata.uxTopUsedPriority
                0x08007a6c        0x4 build/FreeRTOS/tasks.o
 .rodata.str1.4
                0x08007a70      0x137 /usr/lib/gcc/arm-none-eabi/13.2.1/../../../arm-none-eabi/lib/thumb/v7-m/nofp/libg_nano.a(libc_a-nano-vfprintf_float.o)
                                 0x12 (size before relaxing)
 .rodata.str1.4
                0x08007ba7       0x69 /usr/lib/gcc/arm-none-eabi/13.2.1/../../../arm-none-eabi/lib/thumb/v7-m/nofp/libg_nano.a(libc_a-dtoa.o)
 .rodata.str1.4
                0x08007ba7       0x25 /usr/lib/gcc/arm-none-eabi/13.2.1/../../../arm-none-eabi/lib/thumb/v7-m/nofp/libg_nano.a(libc_a-nano-vfprintf_i.o)
 .rodata.str1.4
                0x08007ba7       0x43 /usr/lib/gcc/arm-none-eabi/13.2.1/../../../arm-none-eabi/lib/thumb/v7-m/nofp/libg_nano.a(libc_a-assert.o)
 .rodata.str1.4
                0x08007ba7       0x59 /usr/lib/gcc/arm-none-eabi/13.2.1/../../../arm-none-eabi/lib/thumb/v7-m/nofp/libg_nano.a(libc_a-mprec.o)
 .rodata.str1.4
                0x08007ba7       0x12 /usr/lib/gcc/arm-none-eabi/13.2.1/../../../arm-none-eabi/lib/thumb/v7-m/nofp/libg_nano.a(libc_a-locale.o)
 .rodata.str1.4
                0x08007ba7       0x13 /usr/lib/gcc/arm-none-eabi/13.2.1/../../../arm-none-eabi/lib/thumb/v7-m/nofp/libg_nano.a(libc_a-nano-vfprintf.o)
                0x08007c10                        . = ALIGN (0x4)
 *fill*         0x08007ba7        0x1 

.ARM.extab
 *(.ARM.extab* .gnu.linkonce.armextab.*)

.ARM            0x08007ba8        0x8
                0x08007ba8                        __exidx_start = .
 *(.ARM.exidx*)
 .ARM.exidx     0x08007ba8        0x8 /usr/lib/gcc/arm-none-eabi/13.2.1/../../../arm-none-eabi/lib/thumb/v7-m/nofp/libg_nano.a(libc_a-memcpy.o)
                0x08007bb0                        __exidx_end = .

.rel.dyn        0x08007bb0        0x0
 .rel.iplt      0x08007bb0        0x0 build/CMSIS/startup_stm32f103xb.o

.preinit_array  0x08007bb0        0x0
                0x08007bb0                        PROVIDE (__preinit_array_start = .)
 *(.preinit_array*)
                0x08007bb0                        PROVIDE (__preinit_array_end = .)

.init_array     0x08007bb0        0x0
                0x08007bb0                        PROVIDE (__init_array_start = .)
 *(SORT_BY_NAME(.init_array.*))
 *(.init_array*)
                0x08007bb0                        PROVIDE (__init_array_end = .)

.fini_array     0x08007bb0        0x0
                [!provide]                        PROVIDE (__fini_array_start = .)
 *(SORT_BY_NAME(.fini_array.*))
 *(.fini_array*)
                [!provide]                        PROVIDE (__fini_array_end = .)
                0x08007bb0                        _sidata = LOADADDR (.data)

.data           0x20000000      0x1d0 load address 0x08007bb0
                0x20000000                        . = ALIGN (0x4)
                0x20000000                        _sdata = .
 *(.data)
 .data          0x20000000       0x50 /usr/lib/gcc/arm-none-eabi/13.2.1/../../../arm-none-eabi/lib/thumb/v7-m/nofp/libg_nano.a(libc_a-impure.o)
                0x20000000                _impure_ptr
                0x20000004                _impure_data
 .data          0x20000050      0x16c /usr/lib/gcc/arm-none-eabi/13.2.1/../../../arm-none-eabi/lib/thumb/v7-m/nofp/libg_nano.a(libc_a-locale.o)
                0x20000050                __global_locale
 .data          0x200001bc        0xc /usr/lib/gcc/arm-none-eabi/13.2.1/../../../arm-none-eabi/lib/thumb/v7-m/nofp/libg_nano.a(libc_a-findfp.o)
                0x200001bc                __sglue
 *(.data*)
 .data.SystemCoreClock
                0x200001c8        0x4 build/CMSIS/system_stm32f1xx.o
                0x200001c8                SystemCoreClock
 .data.uxCriticalNesting
                0x200001cc        0x4 build/FreeRTOS/portable/GCC/ARM_CM3/port.o
                0x200001d0                        . = ALIGN (0x4)
                0x200001d0                        _edata = .

.igot.plt       0x200001d0        0x0 load address 0x08007d80
 .igot.plt      0x200001d0        0x0 build/CMSIS/startup_stm32f103xb.o
                0x200001d0                        . = ALIGN (0x4)

.bss            0x200001d0     0x2aa4 load address 0x08007d80
                0x200001d0                        _sbss = .
                0x200001d0                        __bss_start__ = _sbss
 *(.bss)
 .bss           0x200001d0        0x8 /usr/lib/gcc/arm-none-eabi/13.2.1/../../../arm-none-eabi/lib/thumb/v7-m/nofp/libg_nano.a(libc_a-mallocr.o)
                0x200001d0                __malloc_sbrk_start
                0x200001d4                __malloc_free_list
 .bss           0x200001d8      0x13c /usr/lib/gcc/arm-none-eabi/13.2.1/../../../arm-none-eabi/lib/thumb/v7-m/nofp/libg_nano.a(libc_a-findfp.o)
                0x200001d8                __sf
                0x20000310                __stdio_exit_handler
 .bss           0x20000314        0x4 /usr/lib/gcc/arm-none-eabi/13.2.1/../../../arm-none-eabi/lib/thumb/v7-m/nofp/libg_nano.a(libc_a-reent.o)
                0x20000314                errno
 .bss           0x20000318        0x4 /usr/lib/gcc/arm-none-eabi/13.2.1/../../../arm-none-eabi/lib/thumb/v7-m/nofp/libnosys.a(sbrk.o)
 *(.bss*)
 .bss.xQueueShuntTension
                0x2000031c        0x4 build/src/adcConfig/init_adc.o
                0x2000031c                xQueueShuntTension
 .bss.xQueueShuntFiltrada
                0x20000320        0x4 build/src/adcConfig/init_adc.o
                0x20000320                xQueueShuntFiltrada
 .bss.xTxQueue  0x20000324        0x4 build/src/uartConfigSemaforo/uart_init.o
                0x20000324                xTxQueue
 .bss.xRxQueue  0x20000328        0x4 build/src/uartConfigSemaforo/uart_init.o
                0x20000328                xRxQueue
 .bss.pxCurrentTCB
                0x2000032c        0x4 build/FreeRTOS/tasks.o
                0x2000032c                pxCurrentTCB
 .bss.pxReadyTasksLists
                0x20000330       0x64 build/FreeRTOS/tasks.o
 .bss.xDelayedTaskList1
                0x20000394       0x14 build/FreeRTOS/tasks.o
 .bss.xDelayedTaskList2
                0x200003a8       0x14 build/FreeRTOS/tasks.o
 .bss.pxDelayedTaskList
                0x200003bc        0x4 build/FreeRTOS/tasks.o
 .bss.pxOverflowDelayedTaskList
                0x200003c0        0x4 build/FreeRTOS/tasks.o
 .bss.xPendingReadyList
                0x200003c4       0x14 build/FreeRTOS/tasks.o
 .bss.xTasksWaitingTermination
                0x200003d8       0x14 build/FreeRTOS/tasks.o
 .bss.uxDeletedTasksWaitingCleanUp
                0x200003ec        0x4 build/FreeRTOS/tasks.o
 .bss.uxCurrentNumberOfTasks
                0x200003f0        0x4 build/FreeRTOS/tasks.o
 .bss.xTickCount
                0x200003f4        0x4 build/FreeRTOS/tasks.o
 .bss.uxTopReadyPriority
                0x200003f8        0x4 build/FreeRTOS/tasks.o
 .bss.xSchedulerRunning
                0x200003fc        0x4 build/FreeRTOS/tasks.o
 .bss.xPendedTicks
                0x20000400        0x4 build/FreeRTOS/tasks.o
 .bss.xYieldPendings
                0x20000404        0x4 build/FreeRTOS/tasks.o
 .bss.xNumOfOverflows
                0x20000408        0x4 build/FreeRTOS/tasks.o
 .bss.uxTaskNumber
                0x2000040c        0x4 build/FreeRTOS/tasks.o
 .bss.xNextTaskUnblockTime
                0x20000410        0x4 build/FreeRTOS/tasks.o
 .bss.xIdleTaskHandles
                0x20000414        0x4 build/FreeRTOS/tasks.o
 .bss.uxSchedulerSuspended
                0x20000418        0x4 build/FreeRTOS/tasks.o
 .bss.xActiveTimerList1
                0x2000041c       0x14 build/FreeRTOS/timers.o
 .bss.xActiveTimerList2
                0x20000430       0x14 build/FreeRTOS/timers.o
 .bss.pxCurrentTimerList
                0x20000444        0x4 build/FreeRTOS/timers.o
 .bss.pxOverflowTimerList
                0x20000448        0x4 build/FreeRTOS/timers.o
 .bss.xTimerQueue
                0x2000044c        0x4 build/FreeRTOS/timers.o
 .bss.xTimerTaskHandle
                0x20000450        0x4 build/FreeRTOS/timers.o
 .bss.xLastTime.0
                0x20000454        0x4 build/FreeRTOS/timers.o
 .bss.ucHeap    0x20000458     0x2800 build/FreeRTOS/portable/MemMang/heap_4.o
 .bss.xStart    0x20002c58        0x8 build/FreeRTOS/portable/MemMang/heap_4.o
 .bss.pxEnd     0x20002c60        0x4 build/FreeRTOS/portable/MemMang/heap_4.o
 .bss.xFreeBytesRemaining
                0x20002c64        0x4 build/FreeRTOS/portable/MemMang/heap_4.o
 .bss.xMinimumEverFreeBytesRemaining
                0x20002c68        0x4 build/FreeRTOS/portable/MemMang/heap_4.o
 .bss.xNumberOfSuccessfulAllocations
                0x20002c6c        0x4 build/FreeRTOS/portable/MemMang/heap_4.o
 .bss.xNumberOfSuccessfulFrees
                0x20002c70        0x4 build/FreeRTOS/portable/MemMang/heap_4.o
 *(COMMON)
                0x20002c74                        . = ALIGN (0x4)
                0x20002c74                        _ebss = .
                0x20002c74                        __bss_end__ = _ebss

._user_heap_stack
                0x20002c74      0x604 load address 0x08007d80
                0x20002c78                        . = ALIGN (0x8)
 *fill*         0x20002c74        0x4 
                0x20002c78                        PROVIDE (end = .)
                [!provide]                        PROVIDE (_end = .)
                0x20002e78                        . = (. + _Min_Heap_Size)
 *fill*         0x20002c78      0x200 
                0x20003278                        . = (. + _Min_Stack_Size)
 *fill*         0x20002e78      0x400 
                0x20003278                        . = ALIGN (0x8)

/DISCARD/
 libc.a(*)
 libm.a(*)
 libgcc.a(*)

.ARM.attributes
                0x00000000       0x2f
 *(.ARM.attributes)
 .ARM.attributes
                0x00000000       0x21 build/CMSIS/startup_stm32f103xb.o
 .ARM.attributes
                0x00000021       0x2d build/CMSIS/system_stm32f1xx.o
 .ARM.attributes
                0x0000004e       0x2d build/CMSIS/syscalls.o
 .ARM.attributes
                0x0000007b       0x2d build/src/main.o
 .ARM.attributes
                0x000000a8       0x2d build/src/adcConfig/init_adc.o
 .ARM.attributes
                0x000000d5       0x2d build/src/adcConfig/filtro_digital/biquad.o
 .ARM.attributes
                0x00000102       0x2d build/src/salidasSemaforo/pines_init.o
 .ARM.attributes
                0x0000012f       0x2d build/src/uartConfigSemaforo/uart_init.o
 .ARM.attributes
                0x0000015c       0x2d build/FreeRTOS/list.o
 .ARM.attributes
                0x00000189       0x2d build/FreeRTOS/queue.o
 .ARM.attributes
                0x000001b6       0x2d build/FreeRTOS/tasks.o
 .ARM.attributes
                0x000001e3       0x2d build/FreeRTOS/timers.o
 .ARM.attributes
                0x00000210       0x2d build/FreeRTOS/portable/MemMang/heap_4.o
 .ARM.attributes
                0x0000023d       0x2d build/FreeRTOS/portable/GCC/ARM_CM3/port.o
 .ARM.attributes
                0x0000026a       0x1d /usr/lib/gcc/arm-none-eabi/13.2.1/thumb/v7-m/nofp/libgcc.a(_arm_mulsf3.o)
 .ARM.attributes
                0x00000287       0x1d /usr/lib/gcc/arm-none-eabi/13.2.1/thumb/v7-m/nofp/libgcc.a(_arm_addsubsf3.o)
 .ARM.attributes
                0x000002a4       0x2d /usr/lib/gcc/arm-none-eabi/13.2.1/../../../arm-none-eabi/lib/thumb/v7-m/nofp/libg_nano.a(libc_a-init.o)
 .ARM.attributes
                0x000002d1       0x2d /usr/lib/gcc/arm-none-eabi/13.2.1/../../../arm-none-eabi/lib/thumb/v7-m/nofp/libg_nano.a(libc_a-memset.o)
 .ARM.attributes
                0x000002fe       0x2d /usr/lib/gcc/arm-none-eabi/13.2.1/../../../arm-none-eabi/lib/thumb/v7-m/nofp/libg_nano.a(libc_a-nano-vfprintf_float.o)
 .ARM.attributes
                0x0000032b       0x2d /usr/lib/gcc/arm-none-eabi/13.2.1/../../../arm-none-eabi/lib/thumb/v7-m/nofp/libg_nano.a(libc_a-dtoa.o)
 .ARM.attributes
                0x00000358       0x1b /usr/lib/gcc/arm-none-eabi/13.2.1/../../../arm-none-eabi/lib/thumb/v7-m/nofp/libg_nano.a(libc_a-memcpy.o)
 .ARM.attributes
                0x00000373       0x2d /usr/lib/gcc/arm-none-eabi/13.2.1/../../../arm-none-eabi/lib/thumb/v7-m/nofp/libg_nano.a(libc_a-malloc.o)
 .ARM.attributes
                0x000003a0       0x2d /usr/lib/gcc/arm-none-eabi/13.2.1/../../../arm-none-eabi/lib/thumb/v7-m/nofp/libg_nano.a(libc_a-nano-vfprintf_i.o)
 .ARM.attributes
                0x000003cd       0x2d /usr/lib/gcc/arm-none-eabi/13.2.1/../../../arm-none-eabi/lib/thumb/v7-m/nofp/libg_nano.a(libc_a-memchr-stub.o)
 .ARM.attributes
                0x000003fa       0x2d /usr/lib/gcc/arm-none-eabi/13.2.1/../../../arm-none-eabi/lib/thumb/v7-m/nofp/libg_nano.a(libc_a-assert.o)
 .ARM.attributes
                0x00000427       0x2d /usr/lib/gcc/arm-none-eabi/13.2.1/../../../arm-none-eabi/lib/thumb/v7-m/nofp/libg_nano.a(libc_a-mprec.o)
 .ARM.attributes
                0x00000454       0x2d /usr/lib/gcc/arm-none-eabi/13.2.1/../../../arm-none-eabi/lib/thumb/v7-m/nofp/libg_nano.a(libc_a-strlen-stub.o)
 .ARM.attributes
                0x00000481       0x2d /usr/lib/gcc/arm-none-eabi/13.2.1/../../../arm-none-eabi/lib/thumb/v7-m/nofp/libg_nano.a(libc_a-impure.o)
 .ARM.attributes
                0x000004ae       0x2d /usr/lib/gcc/arm-none-eabi/13.2.1/../../../arm-none-eabi/lib/thumb/v7-m/nofp/libg_nano.a(libc_a-localeconv.o)
 .ARM.attributes
                0x000004db       0x2d /usr/lib/gcc/arm-none-eabi/13.2.1/../../../arm-none-eabi/lib/thumb/v7-m/nofp/libg_nano.a(libc_a-abort.o)
 .ARM.attributes
                0x00000508       0x2d /usr/lib/gcc/arm-none-eabi/13.2.1/../../../arm-none-eabi/lib/thumb/v7-m/nofp/libg_nano.a(libc_a-callocr.o)
 .ARM.attributes
                0x00000535       0x2d /usr/lib/gcc/arm-none-eabi/13.2.1/../../../arm-none-eabi/lib/thumb/v7-m/nofp/libg_nano.a(libc_a-locale.o)
 .ARM.attributes
                0x00000562       0x2d /usr/lib/gcc/arm-none-eabi/13.2.1/../../../arm-none-eabi/lib/thumb/v7-m/nofp/libg_nano.a(libc_a-mallocr.o)
 .ARM.attributes
                0x0000058f       0x2d /usr/lib/gcc/arm-none-eabi/13.2.1/../../../arm-none-eabi/lib/thumb/v7-m/nofp/libg_nano.a(libc_a-freer.o)
 .ARM.attributes
                0x000005bc       0x2d /usr/lib/gcc/arm-none-eabi/13.2.1/../../../arm-none-eabi/lib/thumb/v7-m/nofp/libg_nano.a(libc_a-wctomb_r.o)
 .ARM.attributes
                0x000005e9       0x2d /usr/lib/gcc/arm-none-eabi/13.2.1/../../../arm-none-eabi/lib/thumb/v7-m/nofp/libg_nano.a(libc_a-fprintf.o)
 .ARM.attributes
                0x00000616       0x2d /usr/lib/gcc/arm-none-eabi/13.2.1/../../../arm-none-eabi/lib/thumb/v7-m/nofp/libg_nano.a(libc_a-mlock.o)
 .ARM.attributes
                0x00000643       0x2d /usr/lib/gcc/arm-none-eabi/13.2.1/../../../arm-none-eabi/lib/thumb/v7-m/nofp/libg_nano.a(libc_a-ctype_.o)
 .ARM.attributes
                0x00000670       0x2d /usr/lib/gcc/arm-none-eabi/13.2.1/../../../arm-none-eabi/lib/thumb/v7-m/nofp/libg_nano.a(libc_a-nano-vfprintf.o)
 .ARM.attributes
                0x0000069d       0x2d /usr/lib/gcc/arm-none-eabi/13.2.1/../../../arm-none-eabi/lib/thumb/v7-m/nofp/libg_nano.a(libc_a-wbuf.o)
 .ARM.attributes
                0x000006ca       0x2d /usr/lib/gcc/arm-none-eabi/13.2.1/../../../arm-none-eabi/lib/thumb/v7-m/nofp/libg_nano.a(libc_a-sbrkr.o)
 .ARM.attributes
                0x000006f7       0x2d /usr/lib/gcc/arm-none-eabi/13.2.1/../../../arm-none-eabi/lib/thumb/v7-m/nofp/libg_nano.a(libc_a-fvwrite.o)
 .ARM.attributes
                0x00000724       0x2d /usr/lib/gcc/arm-none-eabi/13.2.1/../../../arm-none-eabi/lib/thumb/v7-m/nofp/libg_nano.a(libc_a-mbtowc_r.o)
 .ARM.attributes
                0x00000751       0x2d /usr/lib/gcc/arm-none-eabi/13.2.1/../../../arm-none-eabi/lib/thumb/v7-m/nofp/libg_nano.a(libc_a-signal.o)
 .ARM.attributes
                0x0000077e       0x2d /usr/lib/gcc/arm-none-eabi/13.2.1/../../../arm-none-eabi/lib/thumb/v7-m/nofp/libg_nano.a(libc_a-findfp.o)
 .ARM.attributes
                0x000007ab       0x2d /usr/lib/gcc/arm-none-eabi/13.2.1/../../../arm-none-eabi/lib/thumb/v7-m/nofp/libg_nano.a(libc_a-fflush.o)
 .ARM.attributes
                0x000007d8       0x2d /usr/lib/gcc/arm-none-eabi/13.2.1/../../../arm-none-eabi/lib/thumb/v7-m/nofp/libg_nano.a(libc_a-memmove.o)
 .ARM.attributes
                0x00000805       0x2d /usr/lib/gcc/arm-none-eabi/13.2.1/../../../arm-none-eabi/lib/thumb/v7-m/nofp/libg_nano.a(libc_a-fwalk.o)
 .ARM.attributes
                0x00000832       0x2d /usr/lib/gcc/arm-none-eabi/13.2.1/../../../arm-none-eabi/lib/thumb/v7-m/nofp/libg_nano.a(libc_a-wsetup.o)
 .ARM.attributes
                0x0000085f       0x2d /usr/lib/gcc/arm-none-eabi/13.2.1/../../../arm-none-eabi/lib/thumb/v7-m/nofp/libg_nano.a(libc_a-reent.o)
 .ARM.attributes
                0x0000088c       0x2d /usr/lib/gcc/arm-none-eabi/13.2.1/../../../arm-none-eabi/lib/thumb/v7-m/nofp/libg_nano.a(libc_a-reallocr.o)
 .ARM.attributes
                0x000008b9       0x2d /usr/lib/gcc/arm-none-eabi/13.2.1/../../../arm-none-eabi/lib/thumb/v7-m/nofp/libg_nano.a(libc_a-makebuf.o)
 .ARM.attributes
                0x000008e6       0x2d /usr/lib/gcc/arm-none-eabi/13.2.1/../../../arm-none-eabi/lib/thumb/v7-m/nofp/libg_nano.a(libc_a-isattyr.o)
 .ARM.attributes
                0x00000913       0x2d /usr/lib/gcc/arm-none-eabi/13.2.1/../../../arm-none-eabi/lib/thumb/v7-m/nofp/libg_nano.a(libc_a-stdio.o)
 .ARM.attributes
                0x00000940       0x2d /usr/lib/gcc/arm-none-eabi/13.2.1/../../../arm-none-eabi/lib/thumb/v7-m/nofp/libg_nano.a(libc_a-msizer.o)
 .ARM.attributes
                0x0000096d       0x2d /usr/lib/gcc/arm-none-eabi/13.2.1/../../../arm-none-eabi/lib/thumb/v7-m/nofp/libg_nano.a(libc_a-signalr.o)
 .ARM.attributes
                0x0000099a       0x2d /usr/lib/gcc/arm-none-eabi/13.2.1/../../../arm-none-eabi/lib/thumb/v7-m/nofp/libg_nano.a(libc_a-closer.o)
 .ARM.attributes
                0x000009c7       0x2d /usr/lib/gcc/arm-none-eabi/13.2.1/../../../arm-none-eabi/lib/thumb/v7-m/nofp/libg_nano.a(libc_a-readr.o)
 .ARM.attributes
                0x000009f4       0x2d /usr/lib/gcc/arm-none-eabi/13.2.1/../../../arm-none-eabi/lib/thumb/v7-m/nofp/libg_nano.a(libc_a-fstatr.o)
 .ARM.attributes
                0x00000a21       0x2d /usr/lib/gcc/arm-none-eabi/13.2.1/../../../arm-none-eabi/lib/thumb/v7-m/nofp/libg_nano.a(libc_a-lseekr.o)
 .ARM.attributes
                0x00000a4e       0x2d /usr/lib/gcc/arm-none-eabi/13.2.1/../../../arm-none-eabi/lib/thumb/v7-m/nofp/libg_nano.a(libc_a-writer.o)
 .ARM.attributes
                0x00000a7b       0x1d /usr/lib/gcc/arm-none-eabi/13.2.1/thumb/v7-m/nofp/libgcc.a(_arm_addsubdf3.o)
 .ARM.attributes
                0x00000a98       0x1d /usr/lib/gcc/arm-none-eabi/13.2.1/thumb/v7-m/nofp/libgcc.a(_arm_muldivdf3.o)
 .ARM.attributes
                0x00000ab5       0x1d /usr/lib/gcc/arm-none-eabi/13.2.1/thumb/v7-m/nofp/libgcc.a(_arm_cmpdf2.o)
 .ARM.attributes
                0x00000ad2       0x1d /usr/lib/gcc/arm-none-eabi/13.2.1/thumb/v7-m/nofp/libgcc.a(_arm_unorddf2.o)
 .ARM.attributes
                0x00000aef       0x1d /usr/lib/gcc/arm-none-eabi/13.2.1/thumb/v7-m/nofp/libgcc.a(_arm_fixdfsi.o)
 .ARM.attributes
                0x00000b0c       0x2d /usr/lib/gcc/arm-none-eabi/13.2.1/../../../arm-none-eabi/lib/thumb/v7-m/nofp/libnosys.a(getpid.o)
 .ARM.attributes
                0x00000b39       0x2d /usr/lib/gcc/arm-none-eabi/13.2.1/../../../arm-none-eabi/lib/thumb/v7-m/nofp/libnosys.a(kill.o)
 .ARM.attributes
                0x00000b66       0x2d /usr/lib/gcc/arm-none-eabi/13.2.1/../../../arm-none-eabi/lib/thumb/v7-m/nofp/libnosys.a(sbrk.o)
OUTPUT(build/app.elf elf32-littlearm)
LOAD linker stubs
LOAD /usr/lib/gcc/arm-none-eabi/13.2.1/../../../arm-none-eabi/lib/thumb/v7-m/nofp/libc.a
LOAD /usr/lib/gcc/arm-none-eabi/13.2.1/../../../arm-none-eabi/lib/thumb/v7-m/nofp/libm.a
LOAD /usr/lib/gcc/arm-none-eabi/13.2.1/thumb/v7-m/nofp/libgcc.a

.debug_info     0x00000000    0x1f453
 .debug_info    0x00000000      0x276 build/CMSIS/system_stm32f1xx.o
 .debug_info    0x00000276      0x405 build/CMSIS/syscalls.o
 .debug_info    0x0000067b       0xca build/src/main.o
 .debug_info    0x00000745      0x5aa build/src/adcConfig/init_adc.o
 .debug_info    0x00000cef      0x1f3 build/src/adcConfig/filtro_digital/biquad.o
 .debug_info    0x00000ee2      0x361 build/src/salidasSemaforo/pines_init.o
 .debug_info    0x00001243      0x8f3 build/src/uartConfigSemaforo/uart_init.o
 .debug_info    0x00001b36      0x29a build/FreeRTOS/list.o
 .debug_info    0x00001dd0      0xfb9 build/FreeRTOS/queue.o
 .debug_info    0x00002d89     0x19b8 build/FreeRTOS/tasks.o
 .debug_info    0x00004741      0xcad build/FreeRTOS/timers.o
 .debug_info    0x000053ee      0x48d build/FreeRTOS/portable/MemMang/heap_4.o
 .debug_info    0x0000587b      0x323 build/FreeRTOS/portable/GCC/ARM_CM3/port.o
 .debug_info    0x00005b9e       0x3f /usr/lib/gcc/arm-none-eabi/13.2.1/thumb/v7-m/nofp/libgcc.a(_arm_mulsf3.o)
 .debug_info    0x00005bdd       0xca /usr/lib/gcc/arm-none-eabi/13.2.1/thumb/v7-m/nofp/libgcc.a(_arm_addsubsf3.o)
 .debug_info    0x00005ca7      0x10b /usr/lib/gcc/arm-none-eabi/13.2.1/../../../arm-none-eabi/lib/thumb/v7-m/nofp/libg_nano.a(libc_a-init.o)
 .debug_info    0x00005db2      0x135 /usr/lib/gcc/arm-none-eabi/13.2.1/../../../arm-none-eabi/lib/thumb/v7-m/nofp/libg_nano.a(libc_a-memset.o)
 .debug_info    0x00005ee7     0x13d2 /usr/lib/gcc/arm-none-eabi/13.2.1/../../../arm-none-eabi/lib/thumb/v7-m/nofp/libg_nano.a(libc_a-nano-vfprintf_float.o)
 .debug_info    0x000072b9     0x1943 /usr/lib/gcc/arm-none-eabi/13.2.1/../../../arm-none-eabi/lib/thumb/v7-m/nofp/libg_nano.a(libc_a-dtoa.o)
 .debug_info    0x00008bfc       0x33 /usr/lib/gcc/arm-none-eabi/13.2.1/../../../arm-none-eabi/lib/thumb/v7-m/nofp/libg_nano.a(libc_a-memcpy.o)
 .debug_info    0x00008c2f      0x796 /usr/lib/gcc/arm-none-eabi/13.2.1/../../../arm-none-eabi/lib/thumb/v7-m/nofp/libg_nano.a(libc_a-malloc.o)
 .debug_info    0x000093c5      0xdd7 /usr/lib/gcc/arm-none-eabi/13.2.1/../../../arm-none-eabi/lib/thumb/v7-m/nofp/libg_nano.a(libc_a-nano-vfprintf_i.o)
 .debug_info    0x0000a19c      0x14a /usr/lib/gcc/arm-none-eabi/13.2.1/../../../arm-none-eabi/lib/thumb/v7-m/nofp/libg_nano.a(libc_a-memchr-stub.o)
 .debug_info    0x0000a2e6      0x825 /usr/lib/gcc/arm-none-eabi/13.2.1/../../../arm-none-eabi/lib/thumb/v7-m/nofp/libg_nano.a(libc_a-assert.o)
 .debug_info    0x0000ab0b     0x1f12 /usr/lib/gcc/arm-none-eabi/13.2.1/../../../arm-none-eabi/lib/thumb/v7-m/nofp/libg_nano.a(libc_a-mprec.o)
 .debug_info    0x0000ca1d       0xbd /usr/lib/gcc/arm-none-eabi/13.2.1/../../../arm-none-eabi/lib/thumb/v7-m/nofp/libg_nano.a(libc_a-strlen-stub.o)
 .debug_info    0x0000cada      0x70b /usr/lib/gcc/arm-none-eabi/13.2.1/../../../arm-none-eabi/lib/thumb/v7-m/nofp/libg_nano.a(libc_a-impure.o)
 .debug_info    0x0000d1e5      0xa0e /usr/lib/gcc/arm-none-eabi/13.2.1/../../../arm-none-eabi/lib/thumb/v7-m/nofp/libg_nano.a(libc_a-localeconv.o)
 .debug_info    0x0000dbf3       0xd8 /usr/lib/gcc/arm-none-eabi/13.2.1/../../../arm-none-eabi/lib/thumb/v7-m/nofp/libg_nano.a(libc_a-abort.o)
 .debug_info    0x0000dccb      0x7c9 /usr/lib/gcc/arm-none-eabi/13.2.1/../../../arm-none-eabi/lib/thumb/v7-m/nofp/libg_nano.a(libc_a-callocr.o)
 .debug_info    0x0000e494      0xbb9 /usr/lib/gcc/arm-none-eabi/13.2.1/../../../arm-none-eabi/lib/thumb/v7-m/nofp/libg_nano.a(libc_a-locale.o)
 .debug_info    0x0000f04d      0x9b6 /usr/lib/gcc/arm-none-eabi/13.2.1/../../../arm-none-eabi/lib/thumb/v7-m/nofp/libg_nano.a(libc_a-mallocr.o)
 .debug_info    0x0000fa03      0x87f /usr/lib/gcc/arm-none-eabi/13.2.1/../../../arm-none-eabi/lib/thumb/v7-m/nofp/libg_nano.a(libc_a-freer.o)
 .debug_info    0x00010282      0xa70 /usr/lib/gcc/arm-none-eabi/13.2.1/../../../arm-none-eabi/lib/thumb/v7-m/nofp/libg_nano.a(libc_a-wctomb_r.o)
 .debug_info    0x00010cf2      0x85d /usr/lib/gcc/arm-none-eabi/13.2.1/../../../arm-none-eabi/lib/thumb/v7-m/nofp/libg_nano.a(libc_a-fprintf.o)
 .debug_info    0x0001154f      0x71c /usr/lib/gcc/arm-none-eabi/13.2.1/../../../arm-none-eabi/lib/thumb/v7-m/nofp/libg_nano.a(libc_a-mlock.o)
 .debug_info    0x00011c6b       0xb9 /usr/lib/gcc/arm-none-eabi/13.2.1/../../../arm-none-eabi/lib/thumb/v7-m/nofp/libg_nano.a(libc_a-ctype_.o)
 .debug_info    0x00011d24     0x108a /usr/lib/gcc/arm-none-eabi/13.2.1/../../../arm-none-eabi/lib/thumb/v7-m/nofp/libg_nano.a(libc_a-nano-vfprintf.o)
 .debug_info    0x00012dae      0x863 /usr/lib/gcc/arm-none-eabi/13.2.1/../../../arm-none-eabi/lib/thumb/v7-m/nofp/libg_nano.a(libc_a-wbuf.o)
 .debug_info    0x00013611      0x778 /usr/lib/gcc/arm-none-eabi/13.2.1/../../../arm-none-eabi/lib/thumb/v7-m/nofp/libg_nano.a(libc_a-sbrkr.o)
 .debug_info    0x00013d89      0xb1e /usr/lib/gcc/arm-none-eabi/13.2.1/../../../arm-none-eabi/lib/thumb/v7-m/nofp/libg_nano.a(libc_a-fvwrite.o)
 .debug_info    0x000148a7      0xab0 /usr/lib/gcc/arm-none-eabi/13.2.1/../../../arm-none-eabi/lib/thumb/v7-m/nofp/libg_nano.a(libc_a-mbtowc_r.o)
 .debug_info    0x00015357      0xc39 /usr/lib/gcc/arm-none-eabi/13.2.1/../../../arm-none-eabi/lib/thumb/v7-m/nofp/libg_nano.a(libc_a-signal.o)
 .debug_info    0x00015f90      0xe8c /usr/lib/gcc/arm-none-eabi/13.2.1/../../../arm-none-eabi/lib/thumb/v7-m/nofp/libg_nano.a(libc_a-findfp.o)
 .debug_info    0x00016e1c      0xa30 /usr/lib/gcc/arm-none-eabi/13.2.1/../../../arm-none-eabi/lib/thumb/v7-m/nofp/libg_nano.a(libc_a-fflush.o)
 .debug_info    0x0001784c      0x148 /usr/lib/gcc/arm-none-eabi/13.2.1/../../../arm-none-eabi/lib/thumb/v7-m/nofp/libg_nano.a(libc_a-memmove.o)
 .debug_info    0x00017994      0x7c8 /usr/lib/gcc/arm-none-eabi/13.2.1/../../../arm-none-eabi/lib/thumb/v7-m/nofp/libg_nano.a(libc_a-fwalk.o)
 .debug_info    0x0001815c      0x7b1 /usr/lib/gcc/arm-none-eabi/13.2.1/../../../arm-none-eabi/lib/thumb/v7-m/nofp/libg_nano.a(libc_a-wsetup.o)
 .debug_info    0x0001890d      0x89f /usr/lib/gcc/arm-none-eabi/13.2.1/../../../arm-none-eabi/lib/thumb/v7-m/nofp/libg_nano.a(libc_a-reent.o)
 .debug_info    0x000191ac      0x8cd /usr/lib/gcc/arm-none-eabi/13.2.1/../../../arm-none-eabi/lib/thumb/v7-m/nofp/libg_nano.a(libc_a-reallocr.o)
 .debug_info    0x00019a79      0xbe6 /usr/lib/gcc/arm-none-eabi/13.2.1/../../../arm-none-eabi/lib/thumb/v7-m/nofp/libg_nano.a(libc_a-makebuf.o)
 .debug_info    0x0001a65f      0x752 /usr/lib/gcc/arm-none-eabi/13.2.1/../../../arm-none-eabi/lib/thumb/v7-m/nofp/libg_nano.a(libc_a-isattyr.o)
 .debug_info    0x0001adb1      0xa80 /usr/lib/gcc/arm-none-eabi/13.2.1/../../../arm-none-eabi/lib/thumb/v7-m/nofp/libg_nano.a(libc_a-stdio.o)
 .debug_info    0x0001b831      0x78a /usr/lib/gcc/arm-none-eabi/13.2.1/../../../arm-none-eabi/lib/thumb/v7-m/nofp/libg_nano.a(libc_a-msizer.o)
 .debug_info    0x0001bfbb      0x7df /usr/lib/gcc/arm-none-eabi/13.2.1/../../../arm-none-eabi/lib/thumb/v7-m/nofp/libg_nano.a(libc_a-signalr.o)
 .debug_info    0x0001c79a      0x752 /usr/lib/gcc/arm-none-eabi/13.2.1/../../../arm-none-eabi/lib/thumb/v7-m/nofp/libg_nano.a(libc_a-closer.o)
 .debug_info    0x0001ceec      0x7b5 /usr/lib/gcc/arm-none-eabi/13.2.1/../../../arm-none-eabi/lib/thumb/v7-m/nofp/libg_nano.a(libc_a-readr.o)
 .debug_info    0x0001d6a1      0x977 /usr/lib/gcc/arm-none-eabi/13.2.1/../../../arm-none-eabi/lib/thumb/v7-m/nofp/libg_nano.a(libc_a-fstatr.o)
 .debug_info    0x0001e018      0x79e /usr/lib/gcc/arm-none-eabi/13.2.1/../../../arm-none-eabi/lib/thumb/v7-m/nofp/libg_nano.a(libc_a-lseekr.o)
 .debug_info    0x0001e7b6      0x7bb /usr/lib/gcc/arm-none-eabi/13.2.1/../../../arm-none-eabi/lib/thumb/v7-m/nofp/libg_nano.a(libc_a-writer.o)
 .debug_info    0x0001ef71       0xd3 /usr/lib/gcc/arm-none-eabi/13.2.1/thumb/v7-m/nofp/libgcc.a(_arm_addsubdf3.o)
 .debug_info    0x0001f044       0x57 /usr/lib/gcc/arm-none-eabi/13.2.1/thumb/v7-m/nofp/libgcc.a(_arm_muldivdf3.o)
 .debug_info    0x0001f09b       0xdf /usr/lib/gcc/arm-none-eabi/13.2.1/thumb/v7-m/nofp/libgcc.a(_arm_cmpdf2.o)
 .debug_info    0x0001f17a       0x3c /usr/lib/gcc/arm-none-eabi/13.2.1/thumb/v7-m/nofp/libgcc.a(_arm_unorddf2.o)
 .debug_info    0x0001f1b6       0x3c /usr/lib/gcc/arm-none-eabi/13.2.1/thumb/v7-m/nofp/libgcc.a(_arm_fixdfsi.o)
 .debug_info    0x0001f1f2       0xc9 /usr/lib/gcc/arm-none-eabi/13.2.1/../../../arm-none-eabi/lib/thumb/v7-m/nofp/libnosys.a(getpid.o)
 .debug_info    0x0001f2bb       0xec /usr/lib/gcc/arm-none-eabi/13.2.1/../../../arm-none-eabi/lib/thumb/v7-m/nofp/libnosys.a(kill.o)
 .debug_info    0x0001f3a7       0xac /usr/lib/gcc/arm-none-eabi/13.2.1/../../../arm-none-eabi/lib/thumb/v7-m/nofp/libnosys.a(sbrk.o)

.debug_abbrev   0x00000000     0x715e
 .debug_abbrev  0x00000000      0x142 build/CMSIS/system_stm32f1xx.o
 .debug_abbrev  0x00000142       0xf0 build/CMSIS/syscalls.o
 .debug_abbrev  0x00000232       0x6b build/src/main.o
 .debug_abbrev  0x0000029d      0x226 build/src/adcConfig/init_adc.o
 .debug_abbrev  0x000004c3       0xfc build/src/adcConfig/filtro_digital/biquad.o
 .debug_abbrev  0x000005bf      0x194 build/src/salidasSemaforo/pines_init.o
 .debug_abbrev  0x00000753      0x21c build/src/uartConfigSemaforo/uart_init.o
 .debug_abbrev  0x0000096f       0xec build/FreeRTOS/list.o
 .debug_abbrev  0x00000a5b      0x2a2 build/FreeRTOS/queue.o
 .debug_abbrev  0x00000cfd      0x36d build/FreeRTOS/tasks.o
 .debug_abbrev  0x0000106a      0x29f build/FreeRTOS/timers.o
 .debug_abbrev  0x00001309      0x1f3 build/FreeRTOS/portable/MemMang/heap_4.o
 .debug_abbrev  0x000014fc      0x247 build/FreeRTOS/portable/GCC/ARM_CM3/port.o
 .debug_abbrev  0x00001743       0x26 /usr/lib/gcc/arm-none-eabi/13.2.1/thumb/v7-m/nofp/libgcc.a(_arm_mulsf3.o)
 .debug_abbrev  0x00001769       0x28 /usr/lib/gcc/arm-none-eabi/13.2.1/thumb/v7-m/nofp/libgcc.a(_arm_addsubsf3.o)
 .debug_abbrev  0x00001791       0xc9 /usr/lib/gcc/arm-none-eabi/13.2.1/../../../arm-none-eabi/lib/thumb/v7-m/nofp/libg_nano.a(libc_a-init.o)
 .debug_abbrev  0x0000185a       0xb7 /usr/lib/gcc/arm-none-eabi/13.2.1/../../../arm-none-eabi/lib/thumb/v7-m/nofp/libg_nano.a(libc_a-memset.o)
 .debug_abbrev  0x00001911      0x2ee /usr/lib/gcc/arm-none-eabi/13.2.1/../../../arm-none-eabi/lib/thumb/v7-m/nofp/libg_nano.a(libc_a-nano-vfprintf_float.o)
 .debug_abbrev  0x00001bff      0x333 /usr/lib/gcc/arm-none-eabi/13.2.1/../../../arm-none-eabi/lib/thumb/v7-m/nofp/libg_nano.a(libc_a-dtoa.o)
 .debug_abbrev  0x00001f32       0x28 /usr/lib/gcc/arm-none-eabi/13.2.1/../../../arm-none-eabi/lib/thumb/v7-m/nofp/libg_nano.a(libc_a-memcpy.o)
 .debug_abbrev  0x00001f5a      0x1cf /usr/lib/gcc/arm-none-eabi/13.2.1/../../../arm-none-eabi/lib/thumb/v7-m/nofp/libg_nano.a(libc_a-malloc.o)
 .debug_abbrev  0x00002129      0x284 /usr/lib/gcc/arm-none-eabi/13.2.1/../../../arm-none-eabi/lib/thumb/v7-m/nofp/libg_nano.a(libc_a-nano-vfprintf_i.o)
 .debug_abbrev  0x000023ad       0xc7 /usr/lib/gcc/arm-none-eabi/13.2.1/../../../arm-none-eabi/lib/thumb/v7-m/nofp/libg_nano.a(libc_a-memchr-stub.o)
 .debug_abbrev  0x00002474      0x1ea /usr/lib/gcc/arm-none-eabi/13.2.1/../../../arm-none-eabi/lib/thumb/v7-m/nofp/libg_nano.a(libc_a-assert.o)
 .debug_abbrev  0x0000265e      0x493 /usr/lib/gcc/arm-none-eabi/13.2.1/../../../arm-none-eabi/lib/thumb/v7-m/nofp/libg_nano.a(libc_a-mprec.o)
 .debug_abbrev  0x00002af1       0x78 /usr/lib/gcc/arm-none-eabi/13.2.1/../../../arm-none-eabi/lib/thumb/v7-m/nofp/libg_nano.a(libc_a-strlen-stub.o)
 .debug_abbrev  0x00002b69      0x149 /usr/lib/gcc/arm-none-eabi/13.2.1/../../../arm-none-eabi/lib/thumb/v7-m/nofp/libg_nano.a(libc_a-impure.o)
 .debug_abbrev  0x00002cb2      0x22e /usr/lib/gcc/arm-none-eabi/13.2.1/../../../arm-none-eabi/lib/thumb/v7-m/nofp/libg_nano.a(libc_a-localeconv.o)
 .debug_abbrev  0x00002ee0       0x99 /usr/lib/gcc/arm-none-eabi/13.2.1/../../../arm-none-eabi/lib/thumb/v7-m/nofp/libg_nano.a(libc_a-abort.o)
 .debug_abbrev  0x00002f79      0x1cd /usr/lib/gcc/arm-none-eabi/13.2.1/../../../arm-none-eabi/lib/thumb/v7-m/nofp/libg_nano.a(libc_a-callocr.o)
 .debug_abbrev  0x00003146      0x29d /usr/lib/gcc/arm-none-eabi/13.2.1/../../../arm-none-eabi/lib/thumb/v7-m/nofp/libg_nano.a(libc_a-locale.o)
 .debug_abbrev  0x000033e3      0x24a /usr/lib/gcc/arm-none-eabi/13.2.1/../../../arm-none-eabi/lib/thumb/v7-m/nofp/libg_nano.a(libc_a-mallocr.o)
 .debug_abbrev  0x0000362d      0x249 /usr/lib/gcc/arm-none-eabi/13.2.1/../../../arm-none-eabi/lib/thumb/v7-m/nofp/libg_nano.a(libc_a-freer.o)
 .debug_abbrev  0x00003876      0x201 /usr/lib/gcc/arm-none-eabi/13.2.1/../../../arm-none-eabi/lib/thumb/v7-m/nofp/libg_nano.a(libc_a-wctomb_r.o)
 .debug_abbrev  0x00003a77      0x21d /usr/lib/gcc/arm-none-eabi/13.2.1/../../../arm-none-eabi/lib/thumb/v7-m/nofp/libg_nano.a(libc_a-fprintf.o)
 .debug_abbrev  0x00003c94      0x192 /usr/lib/gcc/arm-none-eabi/13.2.1/../../../arm-none-eabi/lib/thumb/v7-m/nofp/libg_nano.a(libc_a-mlock.o)
 .debug_abbrev  0x00003e26       0x62 /usr/lib/gcc/arm-none-eabi/13.2.1/../../../arm-none-eabi/lib/thumb/v7-m/nofp/libg_nano.a(libc_a-ctype_.o)
 .debug_abbrev  0x00003e88      0x36e /usr/lib/gcc/arm-none-eabi/13.2.1/../../../arm-none-eabi/lib/thumb/v7-m/nofp/libg_nano.a(libc_a-nano-vfprintf.o)
 .debug_abbrev  0x000041f6      0x236 /usr/lib/gcc/arm-none-eabi/13.2.1/../../../arm-none-eabi/lib/thumb/v7-m/nofp/libg_nano.a(libc_a-wbuf.o)
 .debug_abbrev  0x0000442c      0x1da /usr/lib/gcc/arm-none-eabi/13.2.1/../../../arm-none-eabi/lib/thumb/v7-m/nofp/libg_nano.a(libc_a-sbrkr.o)
 .debug_abbrev  0x00004606      0x224 /usr/lib/gcc/arm-none-eabi/13.2.1/../../../arm-none-eabi/lib/thumb/v7-m/nofp/libg_nano.a(libc_a-fvwrite.o)
 .debug_abbrev  0x0000482a      0x208 /usr/lib/gcc/arm-none-eabi/13.2.1/../../../arm-none-eabi/lib/thumb/v7-m/nofp/libg_nano.a(libc_a-mbtowc_r.o)
 .debug_abbrev  0x00004a32      0x2d7 /usr/lib/gcc/arm-none-eabi/13.2.1/../../../arm-none-eabi/lib/thumb/v7-m/nofp/libg_nano.a(libc_a-signal.o)
 .debug_abbrev  0x00004d09      0x408 /usr/lib/gcc/arm-none-eabi/13.2.1/../../../arm-none-eabi/lib/thumb/v7-m/nofp/libg_nano.a(libc_a-findfp.o)
 .debug_abbrev  0x00005111      0x2e1 /usr/lib/gcc/arm-none-eabi/13.2.1/../../../arm-none-eabi/lib/thumb/v7-m/nofp/libg_nano.a(libc_a-fflush.o)
 .debug_abbrev  0x000053f2       0xc3 /usr/lib/gcc/arm-none-eabi/13.2.1/../../../arm-none-eabi/lib/thumb/v7-m/nofp/libg_nano.a(libc_a-memmove.o)
 .debug_abbrev  0x000054b5      0x19b /usr/lib/gcc/arm-none-eabi/13.2.1/../../../arm-none-eabi/lib/thumb/v7-m/nofp/libg_nano.a(libc_a-fwalk.o)
 .debug_abbrev  0x00005650      0x1e2 /usr/lib/gcc/arm-none-eabi/13.2.1/../../../arm-none-eabi/lib/thumb/v7-m/nofp/libg_nano.a(libc_a-wsetup.o)
 .debug_abbrev  0x00005832      0x1ee /usr/lib/gcc/arm-none-eabi/13.2.1/../../../arm-none-eabi/lib/thumb/v7-m/nofp/libg_nano.a(libc_a-reent.o)
 .debug_abbrev  0x00005a20      0x20c /usr/lib/gcc/arm-none-eabi/13.2.1/../../../arm-none-eabi/lib/thumb/v7-m/nofp/libg_nano.a(libc_a-reallocr.o)
 .debug_abbrev  0x00005c2c      0x29d /usr/lib/gcc/arm-none-eabi/13.2.1/../../../arm-none-eabi/lib/thumb/v7-m/nofp/libg_nano.a(libc_a-makebuf.o)
 .debug_abbrev  0x00005ec9      0x1b0 /usr/lib/gcc/arm-none-eabi/13.2.1/../../../arm-none-eabi/lib/thumb/v7-m/nofp/libg_nano.a(libc_a-isattyr.o)
 .debug_abbrev  0x00006079      0x224 /usr/lib/gcc/arm-none-eabi/13.2.1/../../../arm-none-eabi/lib/thumb/v7-m/nofp/libg_nano.a(libc_a-stdio.o)
 .debug_abbrev  0x0000629d      0x196 /usr/lib/gcc/arm-none-eabi/13.2.1/../../../arm-none-eabi/lib/thumb/v7-m/nofp/libg_nano.a(libc_a-msizer.o)
 .debug_abbrev  0x00006433      0x1fd /usr/lib/gcc/arm-none-eabi/13.2.1/../../../arm-none-eabi/lib/thumb/v7-m/nofp/libg_nano.a(libc_a-signalr.o)
 .debug_abbrev  0x00006630      0x1b0 /usr/lib/gcc/arm-none-eabi/13.2.1/../../../arm-none-eabi/lib/thumb/v7-m/nofp/libg_nano.a(libc_a-closer.o)
 .debug_abbrev  0x000067e0      0x1b0 /usr/lib/gcc/arm-none-eabi/13.2.1/../../../arm-none-eabi/lib/thumb/v7-m/nofp/libg_nano.a(libc_a-readr.o)
 .debug_abbrev  0x00006990      0x1c3 /usr/lib/gcc/arm-none-eabi/13.2.1/../../../arm-none-eabi/lib/thumb/v7-m/nofp/libg_nano.a(libc_a-fstatr.o)
 .debug_abbrev  0x00006b53      0x1c4 /usr/lib/gcc/arm-none-eabi/13.2.1/../../../arm-none-eabi/lib/thumb/v7-m/nofp/libg_nano.a(libc_a-lseekr.o)
 .debug_abbrev  0x00006d17      0x1b5 /usr/lib/gcc/arm-none-eabi/13.2.1/../../../arm-none-eabi/lib/thumb/v7-m/nofp/libg_nano.a(libc_a-writer.o)
 .debug_abbrev  0x00006ecc       0x28 /usr/lib/gcc/arm-none-eabi/13.2.1/thumb/v7-m/nofp/libgcc.a(_arm_addsubdf3.o)
 .debug_abbrev  0x00006ef4       0x28 /usr/lib/gcc/arm-none-eabi/13.2.1/thumb/v7-m/nofp/libgcc.a(_arm_muldivdf3.o)
 .debug_abbrev  0x00006f1c       0x28 /usr/lib/gcc/arm-none-eabi/13.2.1/thumb/v7-m/nofp/libgcc.a(_arm_cmpdf2.o)
 .debug_abbrev  0x00006f44       0x28 /usr/lib/gcc/arm-none-eabi/13.2.1/thumb/v7-m/nofp/libgcc.a(_arm_unorddf2.o)
 .debug_abbrev  0x00006f6c       0x28 /usr/lib/gcc/arm-none-eabi/13.2.1/thumb/v7-m/nofp/libgcc.a(_arm_fixdfsi.o)
 .debug_abbrev  0x00006f94       0x82 /usr/lib/gcc/arm-none-eabi/13.2.1/../../../arm-none-eabi/lib/thumb/v7-m/nofp/libnosys.a(getpid.o)
 .debug_abbrev  0x00007016       0xa7 /usr/lib/gcc/arm-none-eabi/13.2.1/../../../arm-none-eabi/lib/thumb/v7-m/nofp/libnosys.a(kill.o)
 .debug_abbrev  0x000070bd       0xa1 /usr/lib/gcc/arm-none-eabi/13.2.1/../../../arm-none-eabi/lib/thumb/v7-m/nofp/libnosys.a(sbrk.o)

.debug_aranges  0x00000000      0xd08
 .debug_aranges
                0x00000000       0x28 build/CMSIS/system_stm32f1xx.o
 .debug_aranges
                0x00000028       0x58 build/CMSIS/syscalls.o
 .debug_aranges
                0x00000080       0x20 build/src/main.o
 .debug_aranges
                0x000000a0       0x40 build/src/adcConfig/init_adc.o
 .debug_aranges
                0x000000e0       0x30 build/src/adcConfig/filtro_digital/biquad.o
 .debug_aranges
                0x00000110       0x48 build/src/salidasSemaforo/pines_init.o
 .debug_aranges
                0x00000158       0x60 build/src/uartConfigSemaforo/uart_init.o
 .debug_aranges
                0x000001b8       0x40 build/FreeRTOS/list.o
 .debug_aranges
                0x000001f8       0xe0 build/FreeRTOS/queue.o
 .debug_aranges
                0x000002d8      0x1a0 build/FreeRTOS/tasks.o
 .debug_aranges
                0x00000478       0xe8 build/FreeRTOS/timers.o
 .debug_aranges
                0x00000560       0x68 build/FreeRTOS/portable/MemMang/heap_4.o
 .debug_aranges
                0x000005c8       0x70 build/FreeRTOS/portable/GCC/ARM_CM3/port.o
 .debug_aranges
                0x00000638       0x20 /usr/lib/gcc/arm-none-eabi/13.2.1/thumb/v7-m/nofp/libgcc.a(_arm_mulsf3.o)
 .debug_aranges
                0x00000658       0x20 /usr/lib/gcc/arm-none-eabi/13.2.1/thumb/v7-m/nofp/libgcc.a(_arm_addsubsf3.o)
 .debug_aranges
                0x00000678       0x20 /usr/lib/gcc/arm-none-eabi/13.2.1/../../../arm-none-eabi/lib/thumb/v7-m/nofp/libg_nano.a(libc_a-init.o)
 .debug_aranges
                0x00000698       0x20 /usr/lib/gcc/arm-none-eabi/13.2.1/../../../arm-none-eabi/lib/thumb/v7-m/nofp/libg_nano.a(libc_a-memset.o)
 .debug_aranges
                0x000006b8       0x20 /usr/lib/gcc/arm-none-eabi/13.2.1/../../../arm-none-eabi/lib/thumb/v7-m/nofp/libg_nano.a(libc_a-nano-vfprintf_float.o)
 .debug_aranges
                0x000006d8       0x20 /usr/lib/gcc/arm-none-eabi/13.2.1/../../../arm-none-eabi/lib/thumb/v7-m/nofp/libg_nano.a(libc_a-dtoa.o)
 .debug_aranges
                0x000006f8       0x20 /usr/lib/gcc/arm-none-eabi/13.2.1/../../../arm-none-eabi/lib/thumb/v7-m/nofp/libg_nano.a(libc_a-memcpy.o)
 .debug_aranges
                0x00000718       0x20 /usr/lib/gcc/arm-none-eabi/13.2.1/../../../arm-none-eabi/lib/thumb/v7-m/nofp/libg_nano.a(libc_a-malloc.o)
 .debug_aranges
                0x00000738       0x20 /usr/lib/gcc/arm-none-eabi/13.2.1/../../../arm-none-eabi/lib/thumb/v7-m/nofp/libg_nano.a(libc_a-nano-vfprintf_i.o)
 .debug_aranges
                0x00000758       0x20 /usr/lib/gcc/arm-none-eabi/13.2.1/../../../arm-none-eabi/lib/thumb/v7-m/nofp/libg_nano.a(libc_a-memchr-stub.o)
 .debug_aranges
                0x00000778       0x20 /usr/lib/gcc/arm-none-eabi/13.2.1/../../../arm-none-eabi/lib/thumb/v7-m/nofp/libg_nano.a(libc_a-assert.o)
 .debug_aranges
                0x00000798       0x20 /usr/lib/gcc/arm-none-eabi/13.2.1/../../../arm-none-eabi/lib/thumb/v7-m/nofp/libg_nano.a(libc_a-mprec.o)
 .debug_aranges
                0x000007b8       0x20 /usr/lib/gcc/arm-none-eabi/13.2.1/../../../arm-none-eabi/lib/thumb/v7-m/nofp/libg_nano.a(libc_a-strlen-stub.o)
 .debug_aranges
                0x000007d8       0x18 /usr/lib/gcc/arm-none-eabi/13.2.1/../../../arm-none-eabi/lib/thumb/v7-m/nofp/libg_nano.a(libc_a-impure.o)
 .debug_aranges
                0x000007f0       0x20 /usr/lib/gcc/arm-none-eabi/13.2.1/../../../arm-none-eabi/lib/thumb/v7-m/nofp/libg_nano.a(libc_a-localeconv.o)
 .debug_aranges
                0x00000810       0x20 /usr/lib/gcc/arm-none-eabi/13.2.1/../../../arm-none-eabi/lib/thumb/v7-m/nofp/libg_nano.a(libc_a-abort.o)
 .debug_aranges
                0x00000830       0x20 /usr/lib/gcc/arm-none-eabi/13.2.1/../../../arm-none-eabi/lib/thumb/v7-m/nofp/libg_nano.a(libc_a-callocr.o)
 .debug_aranges
                0x00000850       0x20 /usr/lib/gcc/arm-none-eabi/13.2.1/../../../arm-none-eabi/lib/thumb/v7-m/nofp/libg_nano.a(libc_a-locale.o)
 .debug_aranges
                0x00000870       0x20 /usr/lib/gcc/arm-none-eabi/13.2.1/../../../arm-none-eabi/lib/thumb/v7-m/nofp/libg_nano.a(libc_a-mallocr.o)
 .debug_aranges
                0x00000890       0x20 /usr/lib/gcc/arm-none-eabi/13.2.1/../../../arm-none-eabi/lib/thumb/v7-m/nofp/libg_nano.a(libc_a-freer.o)
 .debug_aranges
                0x000008b0       0x20 /usr/lib/gcc/arm-none-eabi/13.2.1/../../../arm-none-eabi/lib/thumb/v7-m/nofp/libg_nano.a(libc_a-wctomb_r.o)
 .debug_aranges
                0x000008d0       0x20 /usr/lib/gcc/arm-none-eabi/13.2.1/../../../arm-none-eabi/lib/thumb/v7-m/nofp/libg_nano.a(libc_a-fprintf.o)
 .debug_aranges
                0x000008f0       0x20 /usr/lib/gcc/arm-none-eabi/13.2.1/../../../arm-none-eabi/lib/thumb/v7-m/nofp/libg_nano.a(libc_a-mlock.o)
 .debug_aranges
                0x00000910       0x18 /usr/lib/gcc/arm-none-eabi/13.2.1/../../../arm-none-eabi/lib/thumb/v7-m/nofp/libg_nano.a(libc_a-ctype_.o)
 .debug_aranges
                0x00000928       0x20 /usr/lib/gcc/arm-none-eabi/13.2.1/../../../arm-none-eabi/lib/thumb/v7-m/nofp/libg_nano.a(libc_a-nano-vfprintf.o)
 .debug_aranges
                0x00000948       0x20 /usr/lib/gcc/arm-none-eabi/13.2.1/../../../arm-none-eabi/lib/thumb/v7-m/nofp/libg_nano.a(libc_a-wbuf.o)
 .debug_aranges
                0x00000968       0x20 /usr/lib/gcc/arm-none-eabi/13.2.1/../../../arm-none-eabi/lib/thumb/v7-m/nofp/libg_nano.a(libc_a-sbrkr.o)
 .debug_aranges
                0x00000988       0x20 /usr/lib/gcc/arm-none-eabi/13.2.1/../../../arm-none-eabi/lib/thumb/v7-m/nofp/libg_nano.a(libc_a-fvwrite.o)
 .debug_aranges
                0x000009a8       0x20 /usr/lib/gcc/arm-none-eabi/13.2.1/../../../arm-none-eabi/lib/thumb/v7-m/nofp/libg_nano.a(libc_a-mbtowc_r.o)
 .debug_aranges
                0x000009c8       0x20 /usr/lib/gcc/arm-none-eabi/13.2.1/../../../arm-none-eabi/lib/thumb/v7-m/nofp/libg_nano.a(libc_a-signal.o)
 .debug_aranges
                0x000009e8       0x20 /usr/lib/gcc/arm-none-eabi/13.2.1/../../../arm-none-eabi/lib/thumb/v7-m/nofp/libg_nano.a(libc_a-findfp.o)
 .debug_aranges
                0x00000a08       0x20 /usr/lib/gcc/arm-none-eabi/13.2.1/../../../arm-none-eabi/lib/thumb/v7-m/nofp/libg_nano.a(libc_a-fflush.o)
 .debug_aranges
                0x00000a28       0x20 /usr/lib/gcc/arm-none-eabi/13.2.1/../../../arm-none-eabi/lib/thumb/v7-m/nofp/libg_nano.a(libc_a-memmove.o)
 .debug_aranges
                0x00000a48       0x20 /usr/lib/gcc/arm-none-eabi/13.2.1/../../../arm-none-eabi/lib/thumb/v7-m/nofp/libg_nano.a(libc_a-fwalk.o)
 .debug_aranges
                0x00000a68       0x20 /usr/lib/gcc/arm-none-eabi/13.2.1/../../../arm-none-eabi/lib/thumb/v7-m/nofp/libg_nano.a(libc_a-wsetup.o)
 .debug_aranges
                0x00000a88       0x20 /usr/lib/gcc/arm-none-eabi/13.2.1/../../../arm-none-eabi/lib/thumb/v7-m/nofp/libg_nano.a(libc_a-reent.o)
 .debug_aranges
                0x00000aa8       0x20 /usr/lib/gcc/arm-none-eabi/13.2.1/../../../arm-none-eabi/lib/thumb/v7-m/nofp/libg_nano.a(libc_a-reallocr.o)
 .debug_aranges
                0x00000ac8       0x20 /usr/lib/gcc/arm-none-eabi/13.2.1/../../../arm-none-eabi/lib/thumb/v7-m/nofp/libg_nano.a(libc_a-makebuf.o)
 .debug_aranges
                0x00000ae8       0x20 /usr/lib/gcc/arm-none-eabi/13.2.1/../../../arm-none-eabi/lib/thumb/v7-m/nofp/libg_nano.a(libc_a-isattyr.o)
 .debug_aranges
                0x00000b08       0x20 /usr/lib/gcc/arm-none-eabi/13.2.1/../../../arm-none-eabi/lib/thumb/v7-m/nofp/libg_nano.a(libc_a-stdio.o)
 .debug_aranges
                0x00000b28       0x20 /usr/lib/gcc/arm-none-eabi/13.2.1/../../../arm-none-eabi/lib/thumb/v7-m/nofp/libg_nano.a(libc_a-msizer.o)
 .debug_aranges
                0x00000b48       0x20 /usr/lib/gcc/arm-none-eabi/13.2.1/../../../arm-none-eabi/lib/thumb/v7-m/nofp/libg_nano.a(libc_a-signalr.o)
 .debug_aranges
                0x00000b68       0x20 /usr/lib/gcc/arm-none-eabi/13.2.1/../../../arm-none-eabi/lib/thumb/v7-m/nofp/libg_nano.a(libc_a-closer.o)
 .debug_aranges
                0x00000b88       0x20 /usr/lib/gcc/arm-none-eabi/13.2.1/../../../arm-none-eabi/lib/thumb/v7-m/nofp/libg_nano.a(libc_a-readr.o)
 .debug_aranges
                0x00000ba8       0x20 /usr/lib/gcc/arm-none-eabi/13.2.1/../../../arm-none-eabi/lib/thumb/v7-m/nofp/libg_nano.a(libc_a-fstatr.o)
 .debug_aranges
                0x00000bc8       0x20 /usr/lib/gcc/arm-none-eabi/13.2.1/../../../arm-none-eabi/lib/thumb/v7-m/nofp/libg_nano.a(libc_a-lseekr.o)
 .debug_aranges
                0x00000be8       0x20 /usr/lib/gcc/arm-none-eabi/13.2.1/../../../arm-none-eabi/lib/thumb/v7-m/nofp/libg_nano.a(libc_a-writer.o)
 .debug_aranges
                0x00000c08       0x20 /usr/lib/gcc/arm-none-eabi/13.2.1/thumb/v7-m/nofp/libgcc.a(_arm_addsubdf3.o)
 .debug_aranges
                0x00000c28       0x20 /usr/lib/gcc/arm-none-eabi/13.2.1/thumb/v7-m/nofp/libgcc.a(_arm_muldivdf3.o)
 .debug_aranges
                0x00000c48       0x20 /usr/lib/gcc/arm-none-eabi/13.2.1/thumb/v7-m/nofp/libgcc.a(_arm_cmpdf2.o)
 .debug_aranges
                0x00000c68       0x20 /usr/lib/gcc/arm-none-eabi/13.2.1/thumb/v7-m/nofp/libgcc.a(_arm_unorddf2.o)
 .debug_aranges
                0x00000c88       0x20 /usr/lib/gcc/arm-none-eabi/13.2.1/thumb/v7-m/nofp/libgcc.a(_arm_fixdfsi.o)
 .debug_aranges
                0x00000ca8       0x20 /usr/lib/gcc/arm-none-eabi/13.2.1/../../../arm-none-eabi/lib/thumb/v7-m/nofp/libnosys.a(getpid.o)
 .debug_aranges
                0x00000cc8       0x20 /usr/lib/gcc/arm-none-eabi/13.2.1/../../../arm-none-eabi/lib/thumb/v7-m/nofp/libnosys.a(kill.o)
 .debug_aranges
                0x00000ce8       0x20 /usr/lib/gcc/arm-none-eabi/13.2.1/../../../arm-none-eabi/lib/thumb/v7-m/nofp/libnosys.a(sbrk.o)

.debug_rnglists
                0x00000000      0x880
 .debug_rnglists
                0x00000000       0x1b build/CMSIS/system_stm32f1xx.o
 .debug_rnglists
                0x0000001b       0x3d build/CMSIS/syscalls.o
 .debug_rnglists
                0x00000058       0x13 build/src/main.o
 .debug_rnglists
                0x0000006b       0x2d build/src/adcConfig/init_adc.o
 .debug_rnglists
                0x00000098       0x21 build/src/adcConfig/filtro_digital/biquad.o
 .debug_rnglists
                0x000000b9       0x31 build/src/salidasSemaforo/pines_init.o
 .debug_rnglists
                0x000000ea       0x45 build/src/uartConfigSemaforo/uart_init.o
 .debug_rnglists
                0x0000012f       0x2b build/FreeRTOS/list.o
 .debug_rnglists
                0x0000015a       0xad build/FreeRTOS/queue.o
 .debug_rnglists
                0x00000207      0x146 build/FreeRTOS/tasks.o
 .debug_rnglists
                0x0000034d       0xac build/FreeRTOS/timers.o
 .debug_rnglists
                0x000003f9       0x4d build/FreeRTOS/portable/MemMang/heap_4.o
 .debug_rnglists
                0x00000446       0x4f build/FreeRTOS/portable/GCC/ARM_CM3/port.o
 .debug_rnglists
                0x00000495       0x43 /usr/lib/gcc/arm-none-eabi/13.2.1/../../../arm-none-eabi/lib/thumb/v7-m/nofp/libg_nano.a(libc_a-nano-vfprintf_float.o)
 .debug_rnglists
                0x000004d8       0x46 /usr/lib/gcc/arm-none-eabi/13.2.1/../../../arm-none-eabi/lib/thumb/v7-m/nofp/libg_nano.a(libc_a-dtoa.o)
 .debug_rnglists
                0x0000051e       0x66 /usr/lib/gcc/arm-none-eabi/13.2.1/../../../arm-none-eabi/lib/thumb/v7-m/nofp/libg_nano.a(libc_a-nano-vfprintf_i.o)
 .debug_rnglists
                0x00000584       0xc7 /usr/lib/gcc/arm-none-eabi/13.2.1/../../../arm-none-eabi/lib/thumb/v7-m/nofp/libg_nano.a(libc_a-mprec.o)
 .debug_rnglists
                0x0000064b       0x13 /usr/lib/gcc/arm-none-eabi/13.2.1/../../../arm-none-eabi/lib/thumb/v7-m/nofp/libg_nano.a(libc_a-strlen-stub.o)
 .debug_rnglists
                0x0000065e       0x19 /usr/lib/gcc/arm-none-eabi/13.2.1/../../../arm-none-eabi/lib/thumb/v7-m/nofp/libg_nano.a(libc_a-locale.o)
 .debug_rnglists
                0x00000677       0x1f /usr/lib/gcc/arm-none-eabi/13.2.1/../../../arm-none-eabi/lib/thumb/v7-m/nofp/libg_nano.a(libc_a-mallocr.o)
 .debug_rnglists
                0x00000696       0x13 /usr/lib/gcc/arm-none-eabi/13.2.1/../../../arm-none-eabi/lib/thumb/v7-m/nofp/libg_nano.a(libc_a-freer.o)
 .debug_rnglists
                0x000006a9       0x1a /usr/lib/gcc/arm-none-eabi/13.2.1/../../../arm-none-eabi/lib/thumb/v7-m/nofp/libg_nano.a(libc_a-nano-vfprintf.o)
 .debug_rnglists
                0x000006c3       0x1b /usr/lib/gcc/arm-none-eabi/13.2.1/../../../arm-none-eabi/lib/thumb/v7-m/nofp/libg_nano.a(libc_a-wbuf.o)
 .debug_rnglists
                0x000006de       0x30 /usr/lib/gcc/arm-none-eabi/13.2.1/../../../arm-none-eabi/lib/thumb/v7-m/nofp/libg_nano.a(libc_a-fvwrite.o)
 .debug_rnglists
                0x0000070e       0x65 /usr/lib/gcc/arm-none-eabi/13.2.1/../../../arm-none-eabi/lib/thumb/v7-m/nofp/libg_nano.a(libc_a-signal.o)
 .debug_rnglists
                0x00000773       0x7a /usr/lib/gcc/arm-none-eabi/13.2.1/../../../arm-none-eabi/lib/thumb/v7-m/nofp/libg_nano.a(libc_a-findfp.o)
 .debug_rnglists
                0x000007ed       0x58 /usr/lib/gcc/arm-none-eabi/13.2.1/../../../arm-none-eabi/lib/thumb/v7-m/nofp/libg_nano.a(libc_a-fflush.o)
 .debug_rnglists
                0x00000845       0x1e /usr/lib/gcc/arm-none-eabi/13.2.1/../../../arm-none-eabi/lib/thumb/v7-m/nofp/libg_nano.a(libc_a-wsetup.o)
 .debug_rnglists
                0x00000863       0x1d /usr/lib/gcc/arm-none-eabi/13.2.1/../../../arm-none-eabi/lib/thumb/v7-m/nofp/libg_nano.a(libc_a-makebuf.o)

.debug_line     0x00000000     0xd5bb
 .debug_line    0x00000000      0x1da build/CMSIS/system_stm32f1xx.o
 .debug_line    0x000001da      0x16a build/CMSIS/syscalls.o
 .debug_line    0x00000344       0xe3 build/src/main.o
 .debug_line    0x00000427      0x290 build/src/adcConfig/init_adc.o
 .debug_line    0x000006b7      0x13f build/src/adcConfig/filtro_digital/biquad.o
 .debug_line    0x000007f6      0x1ca build/src/salidasSemaforo/pines_init.o
 .debug_line    0x000009c0      0x2ff build/src/uartConfigSemaforo/uart_init.o
 .debug_line    0x00000cbf      0x1d4 build/FreeRTOS/list.o
 .debug_line    0x00000e93      0x9c4 build/FreeRTOS/queue.o
 .debug_line    0x00001857      0xf46 build/FreeRTOS/tasks.o
 .debug_line    0x0000279d      0x636 build/FreeRTOS/timers.o
 .debug_line    0x00002dd3      0x420 build/FreeRTOS/portable/MemMang/heap_4.o
 .debug_line    0x000031f3      0x2b2 build/FreeRTOS/portable/GCC/ARM_CM3/port.o
 .debug_line    0x000034a5       0xbd /usr/lib/gcc/arm-none-eabi/13.2.1/thumb/v7-m/nofp/libgcc.a(_arm_mulsf3.o)
 .debug_line    0x00003562      0x103 /usr/lib/gcc/arm-none-eabi/13.2.1/thumb/v7-m/nofp/libgcc.a(_arm_addsubsf3.o)
 .debug_line    0x00003665      0x11e /usr/lib/gcc/arm-none-eabi/13.2.1/../../../arm-none-eabi/lib/thumb/v7-m/nofp/libg_nano.a(libc_a-init.o)
 .debug_line    0x00003783      0x1b1 /usr/lib/gcc/arm-none-eabi/13.2.1/../../../arm-none-eabi/lib/thumb/v7-m/nofp/libg_nano.a(libc_a-memset.o)
 .debug_line    0x00003934      0xab8 /usr/lib/gcc/arm-none-eabi/13.2.1/../../../arm-none-eabi/lib/thumb/v7-m/nofp/libg_nano.a(libc_a-nano-vfprintf_float.o)
 .debug_line    0x000043ec     0x14b2 /usr/lib/gcc/arm-none-eabi/13.2.1/../../../arm-none-eabi/lib/thumb/v7-m/nofp/libg_nano.a(libc_a-dtoa.o)
 .debug_line    0x0000589e       0xbd /usr/lib/gcc/arm-none-eabi/13.2.1/../../../arm-none-eabi/lib/thumb/v7-m/nofp/libg_nano.a(libc_a-memcpy.o)
 .debug_line    0x0000595b      0x16b /usr/lib/gcc/arm-none-eabi/13.2.1/../../../arm-none-eabi/lib/thumb/v7-m/nofp/libg_nano.a(libc_a-malloc.o)
 .debug_line    0x00005ac6      0x770 /usr/lib/gcc/arm-none-eabi/13.2.1/../../../arm-none-eabi/lib/thumb/v7-m/nofp/libg_nano.a(libc_a-nano-vfprintf_i.o)
 .debug_line    0x00006236      0x200 /usr/lib/gcc/arm-none-eabi/13.2.1/../../../arm-none-eabi/lib/thumb/v7-m/nofp/libg_nano.a(libc_a-memchr-stub.o)
 .debug_line    0x00006436      0x1b0 /usr/lib/gcc/arm-none-eabi/13.2.1/../../../arm-none-eabi/lib/thumb/v7-m/nofp/libg_nano.a(libc_a-assert.o)
 .debug_line    0x000065e6     0x13e9 /usr/lib/gcc/arm-none-eabi/13.2.1/../../../arm-none-eabi/lib/thumb/v7-m/nofp/libg_nano.a(libc_a-mprec.o)
 .debug_line    0x000079cf       0xf4 /usr/lib/gcc/arm-none-eabi/13.2.1/../../../arm-none-eabi/lib/thumb/v7-m/nofp/libg_nano.a(libc_a-strlen-stub.o)
 .debug_line    0x00007ac3       0xe7 /usr/lib/gcc/arm-none-eabi/13.2.1/../../../arm-none-eabi/lib/thumb/v7-m/nofp/libg_nano.a(libc_a-impure.o)
 .debug_line    0x00007baa      0x17e /usr/lib/gcc/arm-none-eabi/13.2.1/../../../arm-none-eabi/lib/thumb/v7-m/nofp/libg_nano.a(libc_a-localeconv.o)
 .debug_line    0x00007d28      0x115 /usr/lib/gcc/arm-none-eabi/13.2.1/../../../arm-none-eabi/lib/thumb/v7-m/nofp/libg_nano.a(libc_a-abort.o)
 .debug_line    0x00007e3d      0x1a3 /usr/lib/gcc/arm-none-eabi/13.2.1/../../../arm-none-eabi/lib/thumb/v7-m/nofp/libg_nano.a(libc_a-callocr.o)
 .debug_line    0x00007fe0      0x29f /usr/lib/gcc/arm-none-eabi/13.2.1/../../../arm-none-eabi/lib/thumb/v7-m/nofp/libg_nano.a(libc_a-locale.o)
 .debug_line    0x0000827f      0x45c /usr/lib/gcc/arm-none-eabi/13.2.1/../../../arm-none-eabi/lib/thumb/v7-m/nofp/libg_nano.a(libc_a-mallocr.o)
 .debug_line    0x000086db      0x2c8 /usr/lib/gcc/arm-none-eabi/13.2.1/../../../arm-none-eabi/lib/thumb/v7-m/nofp/libg_nano.a(libc_a-freer.o)
 .debug_line    0x000089a3      0x20b /usr/lib/gcc/arm-none-eabi/13.2.1/../../../arm-none-eabi/lib/thumb/v7-m/nofp/libg_nano.a(libc_a-wctomb_r.o)
 .debug_line    0x00008bae      0x1ac /usr/lib/gcc/arm-none-eabi/13.2.1/../../../arm-none-eabi/lib/thumb/v7-m/nofp/libg_nano.a(libc_a-fprintf.o)
 .debug_line    0x00008d5a      0x153 /usr/lib/gcc/arm-none-eabi/13.2.1/../../../arm-none-eabi/lib/thumb/v7-m/nofp/libg_nano.a(libc_a-mlock.o)
 .debug_line    0x00008ead       0x97 /usr/lib/gcc/arm-none-eabi/13.2.1/../../../arm-none-eabi/lib/thumb/v7-m/nofp/libg_nano.a(libc_a-ctype_.o)
 .debug_line    0x00008f44      0x6b7 /usr/lib/gcc/arm-none-eabi/13.2.1/../../../arm-none-eabi/lib/thumb/v7-m/nofp/libg_nano.a(libc_a-nano-vfprintf.o)
 .debug_line    0x000095fb      0x253 /usr/lib/gcc/arm-none-eabi/13.2.1/../../../arm-none-eabi/lib/thumb/v7-m/nofp/libg_nano.a(libc_a-wbuf.o)
 .debug_line    0x0000984e      0x196 /usr/lib/gcc/arm-none-eabi/13.2.1/../../../arm-none-eabi/lib/thumb/v7-m/nofp/libg_nano.a(libc_a-sbrkr.o)
 .debug_line    0x000099e4      0x5f5 /usr/lib/gcc/arm-none-eabi/13.2.1/../../../arm-none-eabi/lib/thumb/v7-m/nofp/libg_nano.a(libc_a-fvwrite.o)
 .debug_line    0x00009fd9      0x214 /usr/lib/gcc/arm-none-eabi/13.2.1/../../../arm-none-eabi/lib/thumb/v7-m/nofp/libg_nano.a(libc_a-mbtowc_r.o)
 .debug_line    0x0000a1ed      0x67e /usr/lib/gcc/arm-none-eabi/13.2.1/../../../arm-none-eabi/lib/thumb/v7-m/nofp/libg_nano.a(libc_a-signal.o)
 .debug_line    0x0000a86b      0x51f /usr/lib/gcc/arm-none-eabi/13.2.1/../../../arm-none-eabi/lib/thumb/v7-m/nofp/libg_nano.a(libc_a-findfp.o)
 .debug_line    0x0000ad8a      0x456 /usr/lib/gcc/arm-none-eabi/13.2.1/../../../arm-none-eabi/lib/thumb/v7-m/nofp/libg_nano.a(libc_a-fflush.o)
 .debug_line    0x0000b1e0      0x20d /usr/lib/gcc/arm-none-eabi/13.2.1/../../../arm-none-eabi/lib/thumb/v7-m/nofp/libg_nano.a(libc_a-memmove.o)
 .debug_line    0x0000b3ed      0x1c9 /usr/lib/gcc/arm-none-eabi/13.2.1/../../../arm-none-eabi/lib/thumb/v7-m/nofp/libg_nano.a(libc_a-fwalk.o)
 .debug_line    0x0000b5b6      0x2bd /usr/lib/gcc/arm-none-eabi/13.2.1/../../../arm-none-eabi/lib/thumb/v7-m/nofp/libg_nano.a(libc_a-wsetup.o)
 .debug_line    0x0000b873      0x27b /usr/lib/gcc/arm-none-eabi/13.2.1/../../../arm-none-eabi/lib/thumb/v7-m/nofp/libg_nano.a(libc_a-reent.o)
 .debug_line    0x0000baee      0x1fa /usr/lib/gcc/arm-none-eabi/13.2.1/../../../arm-none-eabi/lib/thumb/v7-m/nofp/libg_nano.a(libc_a-reallocr.o)
 .debug_line    0x0000bce8      0x3b0 /usr/lib/gcc/arm-none-eabi/13.2.1/../../../arm-none-eabi/lib/thumb/v7-m/nofp/libg_nano.a(libc_a-makebuf.o)
 .debug_line    0x0000c098      0x197 /usr/lib/gcc/arm-none-eabi/13.2.1/../../../arm-none-eabi/lib/thumb/v7-m/nofp/libg_nano.a(libc_a-isattyr.o)
 .debug_line    0x0000c22f      0x22b /usr/lib/gcc/arm-none-eabi/13.2.1/../../../arm-none-eabi/lib/thumb/v7-m/nofp/libg_nano.a(libc_a-stdio.o)
 .debug_line    0x0000c45a      0x176 /usr/lib/gcc/arm-none-eabi/13.2.1/../../../arm-none-eabi/lib/thumb/v7-m/nofp/libg_nano.a(libc_a-msizer.o)
 .debug_line    0x0000c5d0      0x1be /usr/lib/gcc/arm-none-eabi/13.2.1/../../../arm-none-eabi/lib/thumb/v7-m/nofp/libg_nano.a(libc_a-signalr.o)
 .debug_line    0x0000c78e      0x196 /usr/lib/gcc/arm-none-eabi/13.2.1/../../../arm-none-eabi/lib/thumb/v7-m/nofp/libg_nano.a(libc_a-closer.o)
 .debug_line    0x0000c924      0x19c /usr/lib/gcc/arm-none-eabi/13.2.1/../../../arm-none-eabi/lib/thumb/v7-m/nofp/libg_nano.a(libc_a-readr.o)
 .debug_line    0x0000cac0      0x215 /usr/lib/gcc/arm-none-eabi/13.2.1/../../../arm-none-eabi/lib/thumb/v7-m/nofp/libg_nano.a(libc_a-fstatr.o)
 .debug_line    0x0000ccd5      0x19d /usr/lib/gcc/arm-none-eabi/13.2.1/../../../arm-none-eabi/lib/thumb/v7-m/nofp/libg_nano.a(libc_a-lseekr.o)
 .debug_line    0x0000ce72      0x19d /usr/lib/gcc/arm-none-eabi/13.2.1/../../../arm-none-eabi/lib/thumb/v7-m/nofp/libg_nano.a(libc_a-writer.o)
 .debug_line    0x0000d00f      0x16f /usr/lib/gcc/arm-none-eabi/13.2.1/thumb/v7-m/nofp/libgcc.a(_arm_addsubdf3.o)
 .debug_line    0x0000d17e      0x184 /usr/lib/gcc/arm-none-eabi/13.2.1/thumb/v7-m/nofp/libgcc.a(_arm_muldivdf3.o)
 .debug_line    0x0000d302       0xa6 /usr/lib/gcc/arm-none-eabi/13.2.1/thumb/v7-m/nofp/libgcc.a(_arm_cmpdf2.o)
 .debug_line    0x0000d3a8       0x57 /usr/lib/gcc/arm-none-eabi/13.2.1/thumb/v7-m/nofp/libgcc.a(_arm_unorddf2.o)
 .debug_line    0x0000d3ff       0x62 /usr/lib/gcc/arm-none-eabi/13.2.1/thumb/v7-m/nofp/libgcc.a(_arm_fixdfsi.o)
 .debug_line    0x0000d461       0x73 /usr/lib/gcc/arm-none-eabi/13.2.1/../../../arm-none-eabi/lib/thumb/v7-m/nofp/libnosys.a(getpid.o)
 .debug_line    0x0000d4d4       0x71 /usr/lib/gcc/arm-none-eabi/13.2.1/../../../arm-none-eabi/lib/thumb/v7-m/nofp/libnosys.a(kill.o)
 .debug_line    0x0000d545       0x76 /usr/lib/gcc/arm-none-eabi/13.2.1/../../../arm-none-eabi/lib/thumb/v7-m/nofp/libnosys.a(sbrk.o)

.debug_str      0x00000000     0x3f7d
 .debug_str     0x00000000     0x3f7d build/CMSIS/system_stm32f1xx.o
                                0x23c (size before relaxing)
 .debug_str     0x00003f7d      0x2f5 build/CMSIS/syscalls.o
 .debug_str     0x00003f7d      0x1d2 build/src/main.o
 .debug_str     0x00003f7d      0x3f5 build/src/adcConfig/init_adc.o